<html>
<body>
<pre>
<h1>µVision Build Log</h1>
<h2>Tool Versions:</h2>
IDE-Version: µVision V5.37.0.0
Copyright (C) 2022 ARM Ltd and ARM Germany GmbH. All rights reserved.
License Information: Karen Barsegyan, BRT, LIC=----
 
Tool Versions:
Toolchain:       MDK-Lite  Version: 5.37.0.0
Toolchain Path:  C:\Keil_v5\ARM\ARM_Compiller_5.06u7\Bin
C Compiler:      Armcc.exe V5.06 update 7 (build 960)
Assembler:       Armasm.exe V5.06 update 7 (build 960)
Linker/Locator:  ArmLink.exe V5.06 update 7 (build 960)
Library Manager: ArmAr.exe V5.06 update 7 (build 960)
Hex Converter:   FromElf.exe V5.06 update 7 (build 960)
CPU DLL:         SARMCM3.DLL V5.37.0.0
Dialog DLL:      DCM.DLL V1.17.5.0
Target DLL:      STLink\ST-LINKIII-KEIL_SWO.dll V3.0.9.0
Dialog DLL:      TCM.DLL V1.56.1.0
 
<h2>Project:</h2>
D:\Circuitry\BLDC_Drive_Trainer\ST_MotorControlWorkBench\MotorDriver\MDK-ARM\MotorDriver.uvprojx
Project File Date:  07/21/2022

<h2>Output:</h2>
*** Using Compiler 'V5.06 update 7 (build 960)', folder: 'C:\Keil_v5\ARM\ARM_Compiller_5.06u7\Bin'
Build target 'MotorDriver'
assembling startup_stm32f103xe.s...
compiling motorcontrol.c...
compiling mc_api.c...
compiling mc_config.c...
compiling regular_conversion_manager.c...
compiling motor_control_protocol.c...
compiling main.c...
compiling mc_tasks.c...
compiling mc_math.c...
compiling ui_task.c...
compiling mc_interface.c...
compiling stm32f1xx_it.c...
compiling mc_parameters.c...
compiling user_interface.c...
compiling stm32f10x_mc_it.c...
compiling stm32f1xx_hal_gpio_ex.c...
compiling stm32f1xx_hal_rcc_ex.c...
compiling stm32f1xx_hal.c...
compiling stm32f1xx_hal_adc_ex.c...
compiling stm32f1xx_hal_adc.c...
compiling stm32f1xx_hal_rcc.c...
compiling stm32f1xx_hal_gpio.c...
compiling stm32f1xx_hal_cortex.c...
compiling stm32f1xx_hal_pwr.c...
compiling stm32f1xx_hal_flash.c...
compiling stm32f1xx_hal_flash_ex.c...
compiling stm32f1xx_hal_dma.c...
compiling stm32f1xx_hal_msp.c...
compiling system_stm32f1xx.c...
compiling stm32f1xx_hal_exti.c...
compiling stm32f1xx_hal_uart.c...
compiling stm32f1xx_hal_tim_ex.c...
compiling stm32f1xx_hal_spi.c...
compiling stm32f1xx_hal_tim.c...
compiling bus_voltage_sensor.c...
compiling motor_power_measurement.c...
compiling circle_limitation.c...
compiling encoder_speed_pos_fdbk.c...
compiling digital_output.c...
compiling enc_align_ctrl.c...
compiling ntc_temperature_sensor.c...
compiling open_loop.c...
compiling pqd_motor_power_measurement.c...
compiling pwm_curr_fdbk.c...
compiling ramp_ext_mngr.c...
compiling pwm_common.c...
compiling r_divider_bus_voltage_sensor.c...
compiling pid_regulator.c...
compiling speed_pos_fdbk.c...
compiling virtual_speed_sensor.c...
compiling state_machine.c...
compiling usart_frame_communication_protocol.c...
compiling speed_torq_ctrl.c...
compiling frame_communication_protocol.c...
compiling ui_irq_handler.c...
compiling r3_2_f1xx_pwm_curr_fdbk.c...
linking...
Program Size: Code=23030 RO-data=1094 RW-data=1520 ZI-data=2520  
FromELF: creating hex file...
"MotorDriver\MotorDriver.axf" - 0 Error(s), 0 Warning(s).

<h2>Software Packages used:</h2>

Package Vendor: ARM
                http://www.keil.com/pack/ARM.CMSIS.5.9.0.pack
                ARM.CMSIS.5.9.0
                CMSIS (Common Microcontroller Software Interface Standard)
   * Component: CORE Version: 5.6.0

Package Vendor: Keil
                http://www.keil.com/pack/Keil.STM32F1xx_DFP.2.4.0.pack
                Keil.STM32F1xx_DFP.2.4.0
                STMicroelectronics STM32F1 Series Device Support, Drivers and Examples

<h2>Collection of Component include folders:</h2>
  ./RTE/_MotorDriver
  C:/Users/karen/AppData/Local/Arm/Packs/ARM/CMSIS/5.9.0/CMSIS/Core/Include
  C:/Users/karen/AppData/Local/Arm/Packs/Keil/STM32F1xx_DFP/2.4.0/Device/Include

<h2>Collection of Component Files used:</h2>

   * Component: ARM::CMSIS:CORE:5.6.0
Build Time Elapsed:  00:00:40
</pre>
</body>
</html>
