Component: ARM Compiler 5.06 update 7 (build 960) Tool: armlink [4d3601]

==============================================================================

Section Cross References

    startup_stm32f103xe.o(STACK) refers (Special) to heapauxi.o(.text) for __use_two_region_memory
    startup_stm32f103xe.o(HEAP) refers (Special) to heapauxi.o(.text) for __use_two_region_memory
    startup_stm32f103xe.o(RESET) refers (Special) to heapauxi.o(.text) for __use_two_region_memory
    startup_stm32f103xe.o(RESET) refers to startup_stm32f103xe.o(STACK) for __initial_sp
    startup_stm32f103xe.o(RESET) refers to startup_stm32f103xe.o(.text) for Reset_Handler
    startup_stm32f103xe.o(RESET) refers to stm32f10x_mc_it.o(i.HardFault_Handler) for HardFault_Handler
    startup_stm32f103xe.o(RESET) refers to stm32f10x_mc_it.o(i.SysTick_Handler) for SysTick_Handler
    startup_stm32f103xe.o(RESET) refers to stm32f10x_mc_it.o(i.ADC1_2_IRQHandler) for ADC1_2_IRQHandler
    startup_stm32f103xe.o(RESET) refers to stm32f10x_mc_it.o(i.EXTI9_5_IRQHandler) for EXTI9_5_IRQHandler
    startup_stm32f103xe.o(RESET) refers to stm32f10x_mc_it.o(i.TIM1_BRK_IRQHandler) for TIM1_BRK_IRQHandler
    startup_stm32f103xe.o(RESET) refers to stm32f10x_mc_it.o(i.TIM1_UP_IRQHandler) for TIM1_UP_IRQHandler
    startup_stm32f103xe.o(RESET) refers to stm32f10x_mc_it.o(i.TIM2_IRQHandler) for TIM2_IRQHandler
    startup_stm32f103xe.o(RESET) refers to stm32f10x_mc_it.o(i.USART3_IRQHandler) for USART3_IRQHandler
    startup_stm32f103xe.o(.text) refers (Special) to heapauxi.o(.text) for __use_two_region_memory
    startup_stm32f103xe.o(.text) refers to system_stm32f1xx.o(i.SystemInit) for SystemInit
    startup_stm32f103xe.o(.text) refers to __main.o(!!!main) for __main
    startup_stm32f103xe.o(.text) refers to startup_stm32f103xe.o(HEAP) for Heap_Mem
    startup_stm32f103xe.o(.text) refers to startup_stm32f103xe.o(STACK) for Stack_Mem
    main.o(i.SystemClock_Config) refers to stm32f1xx_hal_rcc.o(i.HAL_RCC_OscConfig) for HAL_RCC_OscConfig
    main.o(i.SystemClock_Config) refers to stm32f1xx_hal_rcc.o(i.HAL_RCC_ClockConfig) for HAL_RCC_ClockConfig
    main.o(i.SystemClock_Config) refers to stm32f1xx_hal_rcc_ex.o(i.HAL_RCCEx_PeriphCLKConfig) for HAL_RCCEx_PeriphCLKConfig
    main.o(i.SystemClock_Config) refers to stm32f1xx_hal_rcc.o(i.HAL_RCC_EnableCSS) for HAL_RCC_EnableCSS
    main.o(i.main) refers to stm32f1xx_hal.o(i.HAL_Init) for HAL_Init
    main.o(i.main) refers to stm32f1xx_hal_rcc.o(i.HAL_RCC_OscConfig) for HAL_RCC_OscConfig
    main.o(i.main) refers to stm32f1xx_hal_rcc.o(i.HAL_RCC_ClockConfig) for HAL_RCC_ClockConfig
    main.o(i.main) refers to stm32f1xx_hal_rcc_ex.o(i.HAL_RCCEx_PeriphCLKConfig) for HAL_RCCEx_PeriphCLKConfig
    main.o(i.main) refers to stm32f1xx_hal_rcc.o(i.HAL_RCC_EnableCSS) for HAL_RCC_EnableCSS
    main.o(i.main) refers to stm32f1xx_hal_gpio.o(i.HAL_GPIO_WritePin) for HAL_GPIO_WritePin
    main.o(i.main) refers to stm32f1xx_hal_gpio.o(i.HAL_GPIO_Init) for HAL_GPIO_Init
    main.o(i.main) refers to stm32f1xx_hal_adc.o(i.HAL_ADC_Init) for HAL_ADC_Init
    main.o(i.main) refers to stm32f1xx_hal_adc_ex.o(i.HAL_ADCEx_InjectedConfigChannel) for HAL_ADCEx_InjectedConfigChannel
    main.o(i.main) refers to stm32f1xx_hal_adc.o(i.HAL_ADC_ConfigChannel) for HAL_ADC_ConfigChannel
    main.o(i.main) refers to stm32f1xx_hal_tim.o(i.HAL_TIM_Base_Init) for HAL_TIM_Base_Init
    main.o(i.main) refers to stm32f1xx_hal_tim.o(i.HAL_TIM_PWM_Init) for HAL_TIM_PWM_Init
    main.o(i.main) refers to stm32f1xx_hal_tim.o(i.HAL_TIM_SlaveConfigSynchro) for HAL_TIM_SlaveConfigSynchro
    main.o(i.main) refers to stm32f1xx_hal_tim_ex.o(i.HAL_TIMEx_MasterConfigSynchronization) for HAL_TIMEx_MasterConfigSynchronization
    main.o(i.main) refers to stm32f1xx_hal_tim.o(i.HAL_TIM_PWM_ConfigChannel) for HAL_TIM_PWM_ConfigChannel
    main.o(i.main) refers to stm32f1xx_hal_tim_ex.o(i.HAL_TIMEx_ConfigBreakDeadTime) for HAL_TIMEx_ConfigBreakDeadTime
    main.o(i.main) refers to stm32f1xx_hal_msp.o(i.HAL_TIM_MspPostInit) for HAL_TIM_MspPostInit
    main.o(i.main) refers to stm32f1xx_hal_tim.o(i.HAL_TIM_Encoder_Init) for HAL_TIM_Encoder_Init
    main.o(i.main) refers to stm32f1xx_hal_uart.o(i.HAL_UART_Init) for HAL_UART_Init
    main.o(i.main) refers to motorcontrol.o(i.MX_MotorControl_Init) for MX_MotorControl_Init
    main.o(i.main) refers to stm32f1xx_hal_spi.o(i.HAL_SPI_Init) for HAL_SPI_Init
    main.o(i.main) refers to stm32f1xx_hal_cortex.o(i.HAL_NVIC_SetPriority) for HAL_NVIC_SetPriority
    main.o(i.main) refers to stm32f1xx_hal_cortex.o(i.HAL_NVIC_EnableIRQ) for HAL_NVIC_EnableIRQ
    main.o(i.main) refers to main.o(.bss) for .bss
    motorcontrol.o(i.MX_MotorControl_Init) refers to stm32f1xx_hal_rcc.o(i.HAL_RCC_GetHCLKFreq) for HAL_RCC_GetHCLKFreq
    motorcontrol.o(i.MX_MotorControl_Init) refers to stm32f1xx_hal_cortex.o(i.HAL_SYSTICK_Config) for HAL_SYSTICK_Config
    motorcontrol.o(i.MX_MotorControl_Init) refers to mc_tasks.o(i.MCboot) for MCboot
[...]
    __decompress                             0x0800016d   Thumb Code    90  __dczerorl2.o(!!dczerorl2)
    __decompress1                            0x0800016d   Thumb Code     0  __dczerorl2.o(!!dczerorl2)
    __scatterload_zeroinit                   0x080001c9   Thumb Code    28  __scatter_zi.o(!!handler_zi)
    __rt_lib_init                            0x080001e5   Thumb Code     0  libinit.o(.ARM.Collect$$libinit$$00000000)
    __rt_lib_init_alloca_1                   0x080001e7   Thumb Code     0  libinit2.o(.ARM.Collect$$libinit$$0000002E)
    __rt_lib_init_argv_1                     0x080001e7   Thumb Code     0  libinit2.o(.ARM.Collect$$libinit$$0000002C)
    __rt_lib_init_atexit_1                   0x080001e7   Thumb Code     0  libinit2.o(.ARM.Collect$$libinit$$0000001B)
    __rt_lib_init_clock_1                    0x080001e7   Thumb Code     0  libinit2.o(.ARM.Collect$$libinit$$00000021)
    __rt_lib_init_cpp_1                      0x080001e7   Thumb Code     0  libinit2.o(.ARM.Collect$$libinit$$00000032)
    __rt_lib_init_exceptions_1               0x080001e7   Thumb Code     0  libinit2.o(.ARM.Collect$$libinit$$00000030)
    __rt_lib_init_fp_1                       0x080001e7   Thumb Code     0  libinit2.o(.ARM.Collect$$libinit$$00000002)
    __rt_lib_init_fp_trap_1                  0x080001e7   Thumb Code     0  libinit2.o(.ARM.Collect$$libinit$$0000001F)
    __rt_lib_init_getenv_1                   0x080001e7   Thumb Code     0  libinit2.o(.ARM.Collect$$libinit$$00000023)
    __rt_lib_init_heap_1                     0x080001e7   Thumb Code     0  libinit2.o(.ARM.Collect$$libinit$$0000000A)
    __rt_lib_init_lc_collate_1               0x080001e7   Thumb Code     0  libinit2.o(.ARM.Collect$$libinit$$00000011)
    __rt_lib_init_lc_ctype_1                 0x080001e7   Thumb Code     0  libinit2.o(.ARM.Collect$$libinit$$00000013)
    __rt_lib_init_lc_monetary_1              0x080001e7   Thumb Code     0  libinit2.o(.ARM.Collect$$libinit$$00000015)
    __rt_lib_init_lc_numeric_1               0x080001e7   Thumb Code     0  libinit2.o(.ARM.Collect$$libinit$$00000017)
    __rt_lib_init_lc_time_1                  0x080001e7   Thumb Code     0  libinit2.o(.ARM.Collect$$libinit$$00000019)
    __rt_lib_init_preinit_1                  0x080001e7   Thumb Code     0  libinit2.o(.ARM.Collect$$libinit$$00000004)
    __rt_lib_init_rand_1                     0x080001e7   Thumb Code     0  libinit2.o(.ARM.Collect$$libinit$$0000000E)
    __rt_lib_init_return                     0x080001e7   Thumb Code     0  libinit2.o(.ARM.Collect$$libinit$$00000033)
    __rt_lib_init_signal_1                   0x080001e7   Thumb Code     0  libinit2.o(.ARM.Collect$$libinit$$0000001D)
    __rt_lib_init_stdio_1                    0x080001e7   Thumb Code     0  libinit2.o(.ARM.Collect$$libinit$$00000025)
    __rt_lib_init_user_alloc_1               0x080001e7   Thumb Code     0  libinit2.o(.ARM.Collect$$libinit$$0000000C)
    __rt_lib_shutdown                        0x080001e9   Thumb Code     0  libshutdown.o(.ARM.Collect$$libshutdown$$00000000)
    __rt_lib_shutdown_cpp_1                  0x080001eb   Thumb Code     0  libshutdown2.o(.ARM.Collect$$libshutdown$$00000004)
    __rt_lib_shutdown_fini_1                 0x080001eb   Thumb Code     0  libshutdown2.o(.ARM.Collect$$libshutdown$$00000002)
    __rt_lib_shutdown_fp_trap_1              0x080001eb   Thumb Code     0  libshutdown2.o(.ARM.Collect$$libshutdown$$00000009)
    __rt_lib_shutdown_heap_1                 0x080001eb   Thumb Code     0  libshutdown2.o(.ARM.Collect$$libshutdown$$00000011)
    __rt_lib_shutdown_return                 0x080001eb   Thumb Code     0  libshutdown2.o(.ARM.Collect$$libshutdown$$00000012)
    __rt_lib_shutdown_signal_1               0x080001eb   Thumb Code     0  libshutdown2.o(.ARM.Collect$$libshutdown$$0000000C)
    __rt_lib_shutdown_stdio_1                0x080001eb   Thumb Code     0  libshutdown2.o(.ARM.Collect$$libshutdown$$00000006)
    __rt_lib_shutdown_user_alloc_1           0x080001eb   Thumb Code     0  libshutdown2.o(.ARM.Collect$$libshutdown$$0000000E)
    __rt_entry                               0x080001ed   Thumb Code     0  __rtentry.o(.ARM.Collect$$rtentry$$00000000)
    __rt_entry_presh_1                       0x080001ed   Thumb Code     0  __rtentry2.o(.ARM.Collect$$rtentry$$00000002)
    __rt_entry_sh                            0x080001ed   Thumb Code     0  __rtentry4.o(.ARM.Collect$$rtentry$$00000004)
    __rt_entry_li                            0x080001f3   Thumb Code     0  __rtentry2.o(.ARM.Collect$$rtentry$$0000000A)
    __rt_entry_postsh_1                      0x080001f3   Thumb Code     0  __rtentry2.o(.ARM.Collect$$rtentry$$00000009)
    __rt_entry_main                          0x080001f7   Thumb Code     0  __rtentry2.o(.ARM.Collect$$rtentry$$0000000D)
    __rt_entry_postli_1                      0x080001f7   Thumb Code     0  __rtentry2.o(.ARM.Collect$$rtentry$$0000000C)
    __rt_exit                                0x080001ff   Thumb Code     0  rtexit.o(.ARM.Collect$$rtexit$$00000000)
    __rt_exit_ls                             0x08000201   Thumb Code     0  rtexit2.o(.ARM.Collect$$rtexit$$00000003)
    __rt_exit_prels_1                        0x08000201   Thumb Code     0  rtexit2.o(.ARM.Collect$$rtexit$$00000002)
    __rt_exit_exit                           0x08000205   Thumb Code     0  rtexit2.o(.ARM.Collect$$rtexit$$00000004)
    Reset_Handler                            0x0800020d   Thumb Code     8  startup_stm32f103xe.o(.text)
    NMI_Handler                              0x08000215   Thumb Code     2  startup_stm32f103xe.o(.text)
    MemManage_Handler                        0x08000219   Thumb Code     2  startup_stm32f103xe.o(.text)
    BusFault_Handler                         0x0800021b   Thumb Code     2  startup_stm32f103xe.o(.text)
    UsageFault_Handler                       0x0800021d   Thumb Code     2  startup_stm32f103xe.o(.text)
    SVC_Handler                              0x0800021f   Thumb Code     2  startup_stm32f103xe.o(.text)
    DebugMon_Handler                         0x08000221   Thumb Code     2  startup_stm32f103xe.o(.text)
    PendSV_Handler                           0x08000223   Thumb Code     2  startup_stm32f103xe.o(.text)
    ADC3_IRQHandler                          0x08000227   Thumb Code     0  startup_stm32f103xe.o(.text)
    CAN1_RX1_IRQHandler                      0x08000227   Thumb Code     0  startup_stm32f103xe.o(.text)
    CAN1_SCE_IRQHandler                      0x08000227   Thumb Code     0  startup_stm32f103xe.o(.text)
    DMA1_Channel1_IRQHandler                 0x08000227   Thumb Code     0  startup_stm32f103xe.o(.text)
    DMA1_Channel2_IRQHandler                 0x08000227   Thumb Code     0  startup_stm32f103xe.o(.text)
    DMA1_Channel3_IRQHandler                 0x08000227   Thumb Code     0  startup_stm32f103xe.o(.text)
    DMA1_Channel4_IRQHandler                 0x08000227   Thumb Code     0  startup_stm32f103xe.o(.text)
    DMA1_Channel5_IRQHandler                 0x08000227   Thumb Code     0  startup_stm32f103xe.o(.text)
    DMA1_Channel6_IRQHandler                 0x08000227   Thumb Code     0  startup_stm32f103xe.o(.text)
    DMA1_Channel7_IRQHandler                 0x08000227   Thumb Code     0  startup_stm32f103xe.o(.text)
    DMA2_Channel1_IRQHandler                 0x08000227   Thumb Code     0  startup_stm32f103xe.o(.text)
    DMA2_Channel2_IRQHandler                 0x08000227   Thumb Code     0  startup_stm32f103xe.o(.text)
    DMA2_Channel3_IRQHandler                 0x08000227   Thumb Code     0  startup_stm32f103xe.o(.text)
    DMA2_Channel4_5_IRQHandler               0x08000227   Thumb Code     0  startup_stm32f103xe.o(.text)
    EXTI0_IRQHandler                         0x08000227   Thumb Code     0  startup_stm32f103xe.o(.text)
    EXTI15_10_IRQHandler                     0x08000227   Thumb Code     0  startup_stm32f103xe.o(.text)
    EXTI1_IRQHandler                         0x08000227   Thumb Code     0  startup_stm32f103xe.o(.text)
    EXTI2_IRQHandler                         0x08000227   Thumb Code     0  startup_stm32f103xe.o(.text)
    EXTI3_IRQHandler                         0x08000227   Thumb Code     0  startup_stm32f103xe.o(.text)
    EXTI4_IRQHandler                         0x08000227   Thumb Code     0  startup_stm32f103xe.o(.text)
    FLASH_IRQHandler                         0x08000227   Thumb Code     0  startup_stm32f103xe.o(.text)
    FSMC_IRQHandler                          0x08000227   Thumb Code     0  startup_stm32f103xe.o(.text)
    I2C1_ER_IRQHandler                       0x08000227   Thumb Code     0  startup_stm32f103xe.o(.text)
    I2C1_EV_IRQHandler                       0x08000227   Thumb Code     0  startup_stm32f103xe.o(.text)
    I2C2_ER_IRQHandler                       0x08000227   Thumb Code     0  startup_stm32f103xe.o(.text)
    I2C2_EV_IRQHandler                       0x08000227   Thumb Code     0  startup_stm32f103xe.o(.text)
    PVD_IRQHandler                           0x08000227   Thumb Code     0  startup_stm32f103xe.o(.text)
    RCC_IRQHandler                           0x08000227   Thumb Code     0  startup_stm32f103xe.o(.text)
    RTC_Alarm_IRQHandler                     0x08000227   Thumb Code     0  startup_stm32f103xe.o(.text)
    RTC_IRQHandler                           0x08000227   Thumb Code     0  startup_stm32f103xe.o(.text)
    SDIO_IRQHandler                          0x08000227   Thumb Code     0  startup_stm32f103xe.o(.text)
    SPI1_IRQHandler                          0x08000227   Thumb Code     0  startup_stm32f103xe.o(.text)
    SPI2_IRQHandler                          0x08000227   Thumb Code     0  startup_stm32f103xe.o(.text)
    SPI3_IRQHandler                          0x08000227   Thumb Code     0  startup_stm32f103xe.o(.text)
    TAMPER_IRQHandler                        0x08000227   Thumb Code     0  startup_stm32f103xe.o(.text)
    TIM1_CC_IRQHandler                       0x08000227   Thumb Code     0  startup_stm32f103xe.o(.text)
    TIM1_TRG_COM_IRQHandler                  0x08000227   Thumb Code     0  startup_stm32f103xe.o(.text)
    TIM3_IRQHandler                          0x08000227   Thumb Code     0  startup_stm32f103xe.o(.text)
    TIM4_IRQHandler                          0x08000227   Thumb Code     0  startup_stm32f103xe.o(.text)
    TIM5_IRQHandler                          0x08000227   Thumb Code     0  startup_stm32f103xe.o(.text)
    TIM6_IRQHandler                          0x08000227   Thumb Code     0  startup_stm32f103xe.o(.text)
    TIM7_IRQHandler                          0x08000227   Thumb Code     0  startup_stm32f103xe.o(.text)
    TIM8_BRK_IRQHandler                      0x08000227   Thumb Code     0  startup_stm32f103xe.o(.text)
    TIM8_CC_IRQHandler                       0x08000227   Thumb Code     0  startup_stm32f103xe.o(.text)
    TIM8_TRG_COM_IRQHandler                  0x08000227   Thumb Code     0  startup_stm32f103xe.o(.text)
    TIM8_UP_IRQHandler                       0x08000227   Thumb Code     0  startup_stm32f103xe.o(.text)
    UART4_IRQHandler                         0x08000227   Thumb Code     0  startup_stm32f103xe.o(.text)
    UART5_IRQHandler                         0x08000227   Thumb Code     0  startup_stm32f103xe.o(.text)
    USART1_IRQHandler                        0x08000227   Thumb Code     0  startup_stm32f103xe.o(.text)
    USART2_IRQHandler                        0x08000227   Thumb Code     0  startup_stm32f103xe.o(.text)
    USBWakeUp_IRQHandler                     0x08000227   Thumb Code     0  startup_stm32f103xe.o(.text)
    USB_HP_CAN1_TX_IRQHandler                0x08000227   Thumb Code     0  startup_stm32f103xe.o(.text)
    USB_LP_CAN1_RX0_IRQHandler               0x08000227   Thumb Code     0  startup_stm32f103xe.o(.text)
    WWDG_IRQHandler                          0x08000227   Thumb Code     0  startup_stm32f103xe.o(.text)
    __user_initial_stackheap                 0x08000229   Thumb Code     0  startup_stm32f103xe.o(.text)
    RUC_Init                                 0x0800024d   Thumb Code    86  revup_ctrl.o(.text)
    RUC_Clear                                0x080002a3   Thumb Code   130  revup_ctrl.o(.text)
    RUC_OTF_Exec                             0x08000325   Thumb Code   506  revup_ctrl.o(.text)
    RUC_Exec                                 0x0800051f   Thumb Code   102  revup_ctrl.o(.text)
    RUC_Completed                            0x08000585   Thumb Code    14  revup_ctrl.o(.text)
    RUC_Stop                                 0x08000593   Thumb Code    30  revup_ctrl.o(.text)
    RUC_FirstAccelerationStageReached        0x080005b1   Thumb Code    20  revup_ctrl.o(.text)
    RUC_SetPhaseDurationms                   0x080005c5   Thumb Code    12  revup_ctrl.o(.text)
    RUC_SetPhaseFinalMecSpeedUnit            0x080005d1   Thumb Code    12  revup_ctrl.o(.text)
    RUC_SetPhaseFinalTorque                  0x080005dd   Thumb Code    12  revup_ctrl.o(.text)
    RUC_GetPhaseDurationms                   0x080005e9   Thumb Code    12  revup_ctrl.o(.text)
    RUC_GetPhaseFinalMecSpeedUnit            0x080005f5   Thumb Code    14  revup_ctrl.o(.text)
    RUC_GetPhaseFinalTorque                  0x08000603   Thumb Code    14  revup_ctrl.o(.text)
    RUC_GetNumberOfPhases                    0x08000611   Thumb Code     6  revup_ctrl.o(.text)
    RUC_Get_SCLowsideOTF_Status              0x08000617   Thumb Code     6  revup_ctrl.o(.text)
    __use_two_region_memory                  0x0800061d   Thumb Code     2  heapauxi.o(.text)
    __rt_heap_escrow$2region                 0x0800061f   Thumb Code     2  heapauxi.o(.text)
    __rt_heap_expand$2region                 0x08000621   Thumb Code     2  heapauxi.o(.text)
    __user_setup_stackheap                   0x08000623   Thumb Code    74  sys_stackheap_outer.o(.text)
    exit                                     0x0800066d   Thumb Code    18  exit.o(.text)
    __user_libspace                          0x08000681   Thumb Code     8  libspace.o(.text)
    __user_perproc_libspace                  0x08000681   Thumb Code     0  libspace.o(.text)
    __user_perthread_libspace                0x08000681   Thumb Code     0  libspace.o(.text)
    _sys_exit                                0x08000689   Thumb Code     8  sys_exit.o(.text)
    __I$use$semihosting                      0x08000695   Thumb Code     0  use_no_semi.o(.text)
    __use_no_semihosting_swi                 0x08000695   Thumb Code     2  use_no_semi.o(.text)
    __semihosting_library_function           0x08000697   Thumb Code     0  indicate_semi.o(.text)
    ADC1_2_IRQHandler                        0x08000699   Thumb Code    14  stm32f10x_mc_it.o(i.ADC1_2_IRQHandler)
    ADC_ConversionStop_Disable               0x080006ad   Thumb Code    94  stm32f1xx_hal_adc.o(i.ADC_ConversionStop_Disable)
    Circle_Limitation                        0x0800070b   Thumb Code    86  circle_limitation.o(i.Circle_Limitation)
    DOUT_SetOutputState                      0x08000761   Thumb Code    38  digital_output.o(i.DOUT_SetOutputState)
    EAC_Exec                                 0x08000787   Thumb Code    52  enc_align_ctrl.o(i.EAC_Exec)
    EAC_GetRestartState                      0x080007bb   Thumb Code     4  enc_align_ctrl.o(i.EAC_GetRestartState)
    EAC_Init                                 0x080007bf   Thumb Code    14  enc_align_ctrl.o(i.EAC_Init)
    EAC_IsAligned                            0x080007cd   Thumb Code     4  enc_align_ctrl.o(i.EAC_IsAligned)
    EAC_SetRestartState                      0x080007d1   Thumb Code     4  enc_align_ctrl.o(i.EAC_SetRestartState)
    EAC_StartAlignment                       0x080007d5   Thumb Code    74  enc_align_ctrl.o(i.EAC_StartAlignment)
    ENC_CalcAngle                            0x0800081f   Thumb Code    44  encoder_speed_pos_fdbk.o(i.ENC_CalcAngle)
    ENC_CalcAvrgMecSpeedUnit                 0x0800084b   Thumb Code   296  encoder_speed_pos_fdbk.o(i.ENC_CalcAvrgMecSpeedUnit)
    ENC_Clear                                0x08000975   Thumb Code    42  encoder_speed_pos_fdbk.o(i.ENC_Clear)
    ENC_IRQHandler                           0x0800099f   Thumb Code    14  encoder_speed_pos_fdbk.o(i.ENC_IRQHandler)
    ENC_Init                                 0x080009ad   Thumb Code   190  encoder_speed_pos_fdbk.o(i.ENC_Init)
    ENC_SetMecAngle                          0x08000a71   Thumb Code    42  encoder_speed_pos_fdbk.o(i.ENC_SetMecAngle)
    EXTI9_5_IRQHandler                       0x08000a9d   Thumb Code    20  stm32f10x_mc_it.o(i.EXTI9_5_IRQHandler)
    Error_Handler                            0x08000ab5   Thumb Code     4  main.o(i.Error_Handler)
    FCP_CalcCRC                              0x08000ab9   Thumb Code    46  frame_communication_protocol.o(i.FCP_CalcCRC)
    FCP_Init                                 0x08000ae7   Thumb Code    42  frame_communication_protocol.o(i.FCP_Init)
    FCP_SetClient                            0x08000b11   Thumb Code    14  frame_communication_protocol.o(i.FCP_SetClient)
    FOC_CalcCurrRef                          0x08000b21   Thumb Code    42  mc_tasks.o(i.FOC_CalcCurrRef)
    FOC_Clear                                0x08000b55   Thumb Code    86  mc_tasks.o(i.FOC_Clear)
    FOC_InitAdditionalMethods                0x08000bc1   Thumb Code     2  mc_tasks.o(i.FOC_InitAdditionalMethods)
    HAL_ADCEx_InjectedConfigChannel          0x08000bc5   Thumb Code   666  stm32f1xx_hal_adc_ex.o(i.HAL_ADCEx_InjectedConfigChannel)
    HAL_ADC_ConfigChannel                    0x08000e69   Thumb Code   338  stm32f1xx_hal_adc.o(i.HAL_ADC_ConfigChannel)
    HAL_ADC_Init                             0x08000fc5   Thumb Code   312  stm32f1xx_hal_adc.o(i.HAL_ADC_Init)
    HAL_ADC_MspInit                          0x08001109   Thumb Code   220  stm32f1xx_hal_msp.o(i.HAL_ADC_MspInit)
    HAL_DMA_Init                             0x080011f9   Thumb Code   136  stm32f1xx_hal_dma.o(i.HAL_DMA_Init)
    HAL_GPIO_Init                            0x08001299   Thumb Code   496  stm32f1xx_hal_gpio.o(i.HAL_GPIO_Init)
    HAL_GPIO_WritePin                        0x0800149d   Thumb Code    10  stm32f1xx_hal_gpio.o(i.HAL_GPIO_WritePin)
    HAL_GetTick                              0x080014a9   Thumb Code     6  stm32f1xx_hal.o(i.HAL_GetTick)
    HAL_IncTick                              0x080014b5   Thumb Code    12  stm32f1xx_hal.o(i.HAL_IncTick)
    HAL_Init                                 0x080014c5   Thumb Code    32  stm32f1xx_hal.o(i.HAL_Init)
    HAL_InitTick                             0x080014e9   Thumb Code    54  stm32f1xx_hal.o(i.HAL_InitTick)
    HAL_MspInit                              0x08001529   Thumb Code    58  stm32f1xx_hal_msp.o(i.HAL_MspInit)
    HAL_NVIC_EnableIRQ                       0x0800156d   Thumb Code    30  stm32f1xx_hal_cortex.o(i.HAL_NVIC_EnableIRQ)
    HAL_NVIC_SetPriority                     0x0800158d   Thumb Code    96  stm32f1xx_hal_cortex.o(i.HAL_NVIC_SetPriority)
    HAL_NVIC_SetPriorityGrouping             0x080015f1   Thumb Code    30  stm32f1xx_hal_cortex.o(i.HAL_NVIC_SetPriorityGrouping)
    HAL_RCCEx_PeriphCLKConfig                0x08001615   Thumb Code   286  stm32f1xx_hal_rcc_ex.o(i.HAL_RCCEx_PeriphCLKConfig)
    HAL_RCC_ClockConfig                      0x08001741   Thumb Code   414  stm32f1xx_hal_rcc.o(i.HAL_RCC_ClockConfig)
    HAL_RCC_EnableCSS                        0x08001905   Thumb Code     8  stm32f1xx_hal_rcc.o(i.HAL_RCC_EnableCSS)
    HAL_RCC_GetHCLKFreq                      0x08001911   Thumb Code     6  stm32f1xx_hal_rcc.o(i.HAL_RCC_GetHCLKFreq)
    HAL_RCC_GetPCLK1Freq                     0x0800191d   Thumb Code    20  stm32f1xx_hal_rcc.o(i.HAL_RCC_GetPCLK1Freq)
    HAL_RCC_GetPCLK2Freq                     0x0800193d   Thumb Code    20  stm32f1xx_hal_rcc.o(i.HAL_RCC_GetPCLK2Freq)
    HAL_RCC_GetSysClockFreq                  0x0800195d   Thumb Code    86  stm32f1xx_hal_rcc.o(i.HAL_RCC_GetSysClockFreq)
    HAL_RCC_OscConfig                        0x080019d5   Thumb Code   948  stm32f1xx_hal_rcc.o(i.HAL_RCC_OscConfig)
    HAL_SPI_Init                             0x08001d9d   Thumb Code   184  stm32f1xx_hal_spi.o(i.HAL_SPI_Init)
    HAL_SPI_MspInit                          0x08001e55   Thumb Code   154  stm32f1xx_hal_msp.o(i.HAL_SPI_MspInit)
    HAL_SYSTICK_Callback                     0x08001f01   Thumb Code     2  stm32f1xx_hal_cortex.o(i.HAL_SYSTICK_Callback)
    HAL_SYSTICK_Config                       0x08001f05   Thumb Code    38  stm32f1xx_hal_cortex.o(i.HAL_SYSTICK_Config)
    HAL_SYSTICK_IRQHandler                   0x08001f31   Thumb Code     8  stm32f1xx_hal_cortex.o(i.HAL_SYSTICK_IRQHandler)
    HAL_TIMEx_ConfigBreakDeadTime            0x08001f39   Thumb Code    82  stm32f1xx_hal_tim_ex.o(i.HAL_TIMEx_ConfigBreakDeadTime)
    HAL_TIMEx_MasterConfigSynchronization    0x08001f8b   Thumb Code   130  stm32f1xx_hal_tim_ex.o(i.HAL_TIMEx_MasterConfigSynchronization)
    HAL_TIM_Base_Init                        0x0800200d   Thumb Code    90  stm32f1xx_hal_tim.o(i.HAL_TIM_Base_Init)
    HAL_TIM_Base_MspInit                     0x08002069   Thumb Code    40  stm32f1xx_hal_msp.o(i.HAL_TIM_Base_MspInit)
    HAL_TIM_Encoder_Init                     0x08002095   Thumb Code   196  stm32f1xx_hal_tim.o(i.HAL_TIM_Encoder_Init)
    HAL_TIM_Encoder_MspInit                  0x08002159   Thumb Code    76  stm32f1xx_hal_msp.o(i.HAL_TIM_Encoder_MspInit)
    HAL_TIM_MspPostInit                      0x080021ad   Thumb Code   108  stm32f1xx_hal_msp.o(i.HAL_TIM_MspPostInit)
    HAL_TIM_PWM_ConfigChannel                0x08002225   Thumb Code   546  stm32f1xx_hal_tim.o(i.HAL_TIM_PWM_ConfigChannel)
    HAL_TIM_PWM_Init                         0x08002451   Thumb Code    90  stm32f1xx_hal_tim.o(i.HAL_TIM_PWM_Init)
    HAL_TIM_PWM_MspInit                      0x080024ab   Thumb Code     2  stm32f1xx_hal_tim.o(i.HAL_TIM_PWM_MspInit)
    HAL_TIM_SlaveConfigSynchro               0x080024ad   Thumb Code    86  stm32f1xx_hal_tim.o(i.HAL_TIM_SlaveConfigSynchro)
    HAL_UART_Init                            0x08002503   Thumb Code    98  stm32f1xx_hal_uart.o(i.HAL_UART_Init)
    HAL_UART_MspInit                         0x08002565   Thumb Code   106  stm32f1xx_hal_msp.o(i.HAL_UART_MspInit)
    HardFault_Handler                        0x080025d9   Thumb Code   104  stm32f10x_mc_it.o(i.HardFault_Handler)
    MCI_Clear_Iqdref                         0x08002645   Thumb Code    16  mc_interface.o(i.MCI_Clear_Iqdref)
    MCI_EncoderAlign                         0x08002655   Thumb Code     8  mc_interface.o(i.MCI_EncoderAlign)
    MCI_ExecBufferedCommands                 0x0800265d   Thumb Code   120  mc_interface.o(i.MCI_ExecBufferedCommands)
    MCI_ExecSpeedRamp                        0x080026d5   Thumb Code    14  mc_interface.o(i.MCI_ExecSpeedRamp)
    MCI_ExecTorqueRamp                       0x080026e3   Thumb Code    18  mc_interface.o(i.MCI_ExecTorqueRamp)
    MCI_FaultAcknowledged                    0x080026f5   Thumb Code     6  mc_interface.o(i.MCI_FaultAcknowledged)
    MCI_GetAvrgMecSpeedUnit                  0x080026fb   Thumb Code    16  mc_interface.o(i.MCI_GetAvrgMecSpeedUnit)
    MCI_GetControlMode                       0x0800270b   Thumb Code     4  mc_interface.o(i.MCI_GetControlMode)
    MCI_GetIab                               0x0800270f   Thumb Code     6  mc_interface.o(i.MCI_GetIab)
    MCI_GetIalphabeta                        0x08002715   Thumb Code     6  mc_interface.o(i.MCI_GetIalphabeta)
    MCI_GetIqd                               0x0800271b   Thumb Code     6  mc_interface.o(i.MCI_GetIqd)
    MCI_GetIqdref                            0x08002721   Thumb Code     6  mc_interface.o(i.MCI_GetIqdref)
    MCI_GetLastRampFinalSpeed                0x08002727   Thumb Code    16  mc_interface.o(i.MCI_GetLastRampFinalSpeed)
    MCI_GetMecSpeedRefUnit                   0x08002737   Thumb Code     6  mc_interface.o(i.MCI_GetMecSpeedRefUnit)
    MCI_GetSTMState                          0x0800273d   Thumb Code     6  mc_interface.o(i.MCI_GetSTMState)
    MCI_GetTeref                             0x08002743   Thumb Code     8  mc_interface.o(i.MCI_GetTeref)
    MCI_GetValphabeta                        0x0800274b   Thumb Code     8  mc_interface.o(i.MCI_GetValphabeta)
    MCI_GetVqd                               0x08002753   Thumb Code     8  mc_interface.o(i.MCI_GetVqd)
    MCI_Init                                 0x0800275b   Thumb Code    20  mc_interface.o(i.MCI_Init)
    MCI_SetCurrentReferences                 0x0800276f   Thumb Code    20  mc_interface.o(i.MCI_SetCurrentReferences)
    MCI_SetIdref                             0x08002783   Thumb Code    10  mc_interface.o(i.MCI_SetIdref)
    MCI_StartMotor                           0x0800278d   Thumb Code    22  mc_interface.o(i.MCI_StartMotor)
    MCI_StopMotor                            0x080027a3   Thumb Code     8  mc_interface.o(i.MCI_StopMotor)
    MCI_StopRamp                             0x080027ab   Thumb Code     6  mc_interface.o(i.MCI_StopRamp)
    MCM_Clarke                               0x080027b1   Thumb Code    68  mc_math.o(i.MCM_Clarke)
    MCM_Park                                 0x080027f9   Thumb Code   118  mc_math.o(i.MCM_Park)
    MCM_Rev_Park                             0x08002879   Thumb Code    48  mc_math.o(i.MCM_Rev_Park)
    MCM_Trig_Functions                       0x080028a9   Thumb Code   112  mc_math.o(i.MCM_Trig_Functions)
    MCP_Init                                 0x0800291d   Thumb Code    50  motor_control_protocol.o(i.MCP_Init)
    MCP_OnTimeOut                            0x0800295d   Thumb Code     8  motor_control_protocol.o(i.MCP_OnTimeOut)
    MCP_ReceivedFrame                        0x08002965   Thumb Code  1628  motor_control_protocol.o(i.MCP_ReceivedFrame)
    MCP_SentFrame                            0x08002fcd   Thumb Code     8  motor_control_protocol.o(i.MCP_SentFrame)
    MCP_WaitNextFrame                        0x08002fd5   Thumb Code    26  motor_control_protocol.o(i.MCP_WaitNextFrame)
    MC_GetSTMStateMotor1                     0x08002ff1   Thumb Code     8  mc_api.o(i.MC_GetSTMStateMotor1)
    MC_RunMotorControlTasks                  0x08002ffd   Thumb Code    28  mc_tasks.o(i.MC_RunMotorControlTasks)
    MC_Scheduler                             0x0800301d   Thumb Code    58  mc_tasks.o(i.MC_Scheduler)
    MC_StartMotor1                           0x0800305d   Thumb Code     8  mc_api.o(i.MC_StartMotor1)
    MC_StopMotor1                            0x08003069   Thumb Code     8  mc_api.o(i.MC_StopMotor1)
    MCboot                                   0x08003075   Thumb Code   376  mc_tasks.o(i.MCboot)
    MPM_CalcElMotorPower                     0x08003235   Thumb Code    70  motor_power_measurement.o(i.MPM_CalcElMotorPower)
    MPM_Clear                                0x0800327b   Thumb Code    26  motor_power_measurement.o(i.MPM_Clear)
    MPM_GetAvrgElMotorPowerW                 0x08003295   Thumb Code     6  motor_power_measurement.o(i.MPM_GetAvrgElMotorPowerW)
    MX_MotorControl_Init                     0x0800329d   Thumb Code    48  motorcontrol.o(i.MX_MotorControl_Init)
    NTC_CalcAvTemp                           0x080032d5   Thumb Code    58  ntc_temperature_sensor.o(i.NTC_CalcAvTemp)
    NTC_Clear                                0x0800330f   Thumb Code     6  ntc_temperature_sensor.o(i.NTC_Clear)
    NTC_GetAvTemp_C                          0x08003315   Thumb Code    40  ntc_temperature_sensor.o(i.NTC_GetAvTemp_C)
    NTC_Init                                 0x0800333d   Thumb Code    36  ntc_temperature_sensor.o(i.NTC_Init)
    NTC_SetFaultState                        0x08003361   Thumb Code    24  ntc_temperature_sensor.o(i.NTC_SetFaultState)
    PID_GetKD                                0x08003379   Thumb Code     6  pid_regulator.o(i.PID_GetKD)
    PID_GetKI                                0x0800337f   Thumb Code     6  pid_regulator.o(i.PID_GetKI)
    PID_GetKIDivisor                         0x08003385   Thumb Code     4  pid_regulator.o(i.PID_GetKIDivisor)
    PID_GetKP                                0x08003389   Thumb Code     6  pid_regulator.o(i.PID_GetKP)
    PID_GetKPDivisor                         0x0800338f   Thumb Code     4  pid_regulator.o(i.PID_GetKPDivisor)
    PID_HandleInit                           0x08003393   Thumb Code    20  pid_regulator.o(i.PID_HandleInit)
    PID_SetIntegralTerm                      0x080033a7   Thumb Code     4  pid_regulator.o(i.PID_SetIntegralTerm)
    PID_SetKD                                0x080033ab   Thumb Code     4  pid_regulator.o(i.PID_SetKD)
    PID_SetKI                                0x080033af   Thumb Code     4  pid_regulator.o(i.PID_SetKI)
    PID_SetKP                                0x080033b3   Thumb Code     4  pid_regulator.o(i.PID_SetKP)
    PI_Controller                            0x080033b9   Thumb Code   122  pid_regulator.o(i.PI_Controller)
    PQD_CalcElMotorPower                     0x08003439   Thumb Code    96  pqd_motor_power_measurement.o(i.PQD_CalcElMotorPower)
    PWMC_CheckOverCurrent                    0x0800349d   Thumb Code     4  pwm_curr_fdbk.o(i.PWMC_CheckOverCurrent)
    PWMC_CurrentReadingCalibr                0x080034a1   Thumb Code    66  pwm_curr_fdbk.o(i.PWMC_CurrentReadingCalibr)
    PWMC_GetPhaseCurrents                    0x080034e3   Thumb Code     4  pwm_curr_fdbk.o(i.PWMC_GetPhaseCurrents)
    PWMC_SetPhaseVoltage                     0x080034e7   Thumb Code   496  pwm_curr_fdbk.o(i.PWMC_SetPhaseVoltage)
    PWMC_SwitchOffPWM                        0x080036d7   Thumb Code     4  pwm_curr_fdbk.o(i.PWMC_SwitchOffPWM)
    PWMC_SwitchOnPWM                         0x080036db   Thumb Code     4  pwm_curr_fdbk.o(i.PWMC_SwitchOnPWM)
    PWMC_TurnOnLowSides                      0x080036df   Thumb Code     4  pwm_curr_fdbk.o(i.PWMC_TurnOnLowSides)
    R3_2_BRK_IRQHandler                      0x080036e3   Thumb Code    56  r3_2_f1xx_pwm_curr_fdbk.o(i.R3_2_BRK_IRQHandler)
    R3_2_CurrentReadingPolarization          0x0800371d   Thumb Code   292  r3_2_f1xx_pwm_curr_fdbk.o(i.R3_2_CurrentReadingPolarization)
    R3_2_GetPhaseCurrents                    0x08003859   Thumb Code   296  r3_2_f1xx_pwm_curr_fdbk.o(i.R3_2_GetPhaseCurrents)
    R3_2_HFCurrentsPolarizationAB            0x08003985   Thumb Code    86  r3_2_f1xx_pwm_curr_fdbk.o(i.R3_2_HFCurrentsPolarizationAB)
    R3_2_HFCurrentsPolarizationC             0x080039db   Thumb Code    62  r3_2_f1xx_pwm_curr_fdbk.o(i.R3_2_HFCurrentsPolarizationC)
    R3_2_Init                                0x08003a19   Thumb Code   148  r3_2_f1xx_pwm_curr_fdbk.o(i.R3_2_Init)
    R3_2_IsOverCurrentOccurred               0x08003ab1   Thumb Code    22  r3_2_f1xx_pwm_curr_fdbk.o(i.R3_2_IsOverCurrentOccurred)
    R3_2_SetADCSampPointPolarization         0x08003ac7   Thumb Code    62  r3_2_f1xx_pwm_curr_fdbk.o(i.R3_2_SetADCSampPointPolarization)
    R3_2_SetADCSampPointSectX                0x08003b05   Thumb Code   136  r3_2_f1xx_pwm_curr_fdbk.o(i.R3_2_SetADCSampPointSectX)
    R3_2_SwitchOffPWM                        0x08003b8d   Thumb Code    90  r3_2_f1xx_pwm_curr_fdbk.o(i.R3_2_SwitchOffPWM)
    R3_2_SwitchOnPWM                         0x08003be7   Thumb Code   196  r3_2_f1xx_pwm_curr_fdbk.o(i.R3_2_SwitchOnPWM)
    R3_2_TIMx_UP_IRQHandler                  0x08003cad   Thumb Code   196  r3_2_f1xx_pwm_curr_fdbk.o(i.R3_2_TIMx_UP_IRQHandler)
    R3_2_TurnOnLowSides                      0x08003d79   Thumb Code    90  r3_2_f1xx_pwm_curr_fdbk.o(i.R3_2_TurnOnLowSides)
    RCM_ExecRegularConv                      0x08003dd5   Thumb Code   116  regular_conversion_manager.o(i.RCM_ExecRegularConv)
    RCM_ExecUserConv                         0x08003e51   Thumb Code    60  regular_conversion_manager.o(i.RCM_ExecUserConv)
    RCM_RegisterRegConv                      0x08003e95   Thumb Code   270  regular_conversion_manager.o(i.RCM_RegisterRegConv)
    REMNG_Init                               0x08003fb1   Thumb Code    16  ramp_ext_mngr.o(i.REMNG_Init)
    RVBS_CalcAvVbus                          0x08003fc1   Thumb Code   100  r_divider_bus_voltage_sensor.o(i.RVBS_CalcAvVbus)
    RVBS_CheckFaultState                     0x08004025   Thumb Code    24  r_divider_bus_voltage_sensor.o(i.RVBS_CheckFaultState)
    RVBS_Clear                               0x0800403d   Thumb Code    44  r_divider_bus_voltage_sensor.o(i.RVBS_Clear)
    RVBS_Init                                0x08004069   Thumb Code    22  r_divider_bus_voltage_sensor.o(i.RVBS_Init)
    SPD_GetAvrgMecSpeedUnit                  0x0800407f   Thumb Code     6  speed_pos_fdbk.o(i.SPD_GetAvrgMecSpeedUnit)
    SPD_GetElAngle                           0x08004085   Thumb Code     6  speed_pos_fdbk.o(i.SPD_GetElAngle)
    SPD_GetInstElSpeedDpp                    0x0800408b   Thumb Code     6  speed_pos_fdbk.o(i.SPD_GetInstElSpeedDpp)
    SPD_GetS16Speed                          0x08004091   Thumb Code    20  speed_pos_fdbk.o(i.SPD_GetS16Speed)
    SPD_IsMecSpeedReliable                   0x080040a5   Thumb Code    96  speed_pos_fdbk.o(i.SPD_IsMecSpeedReliable)
    STC_CalcTorqueReference                  0x08004105   Thumb Code    92  speed_torq_ctrl.o(i.STC_CalcTorqueReference)
    STC_Clear                                0x08004161   Thumb Code    16  speed_torq_ctrl.o(i.STC_Clear)
    STC_ExecRamp                             0x08004171   Thumb Code   146  speed_torq_ctrl.o(i.STC_ExecRamp)
    STC_ForceSpeedReferenceToCurrentSpeed    0x08004203   Thumb Code    16  speed_torq_ctrl.o(i.STC_ForceSpeedReferenceToCurrentSpeed)
    STC_GetDefaultIqdref                     0x08004213   Thumb Code    16  speed_torq_ctrl.o(i.STC_GetDefaultIqdref)
    STC_GetMaxAppPositiveMecSpeedUnit        0x08004223   Thumb Code     4  speed_torq_ctrl.o(i.STC_GetMaxAppPositiveMecSpeedUnit)
    STC_GetMecSpeedRefUnit                   0x08004227   Thumb Code    12  speed_torq_ctrl.o(i.STC_GetMecSpeedRefUnit)
    STC_GetMecSpeedRefUnitDefault            0x08004233   Thumb Code     6  speed_torq_ctrl.o(i.STC_GetMecSpeedRefUnitDefault)
    STC_GetMinAppNegativeMecSpeedUnit        0x08004239   Thumb Code     6  speed_torq_ctrl.o(i.STC_GetMinAppNegativeMecSpeedUnit)
    STC_GetSpeedSensor                       0x0800423f   Thumb Code     4  speed_torq_ctrl.o(i.STC_GetSpeedSensor)
    STC_GetTorqueRef                         0x08004243   Thumb Code    12  speed_torq_ctrl.o(i.STC_GetTorqueRef)
    STC_Init                                 0x0800424f   Thumb Code    32  speed_torq_ctrl.o(i.STC_Init)
    STC_SetControlMode                       0x0800426f   Thumb Code     8  speed_torq_ctrl.o(i.STC_SetControlMode)
    STC_SetSpeedSensor                       0x08004277   Thumb Code     4  speed_torq_ctrl.o(i.STC_SetSpeedSensor)
    STC_StopRamp                             0x0800427b   Thumb Code     8  speed_torq_ctrl.o(i.STC_StopRamp)
    STM_FaultAcknowledged                    0x08004283   Thumb Code    22  state_machine.o(i.STM_FaultAcknowledged)
    STM_FaultProcessing                      0x08004299   Thumb Code    54  state_machine.o(i.STM_FaultProcessing)
    STM_GetFaultState                        0x080042cf   Thumb Code    10  state_machine.o(i.STM_GetFaultState)
    STM_GetState                             0x080042d9   Thumb Code     4  state_machine.o(i.STM_GetState)
    STM_Init                                 0x080042dd   Thumb Code    10  state_machine.o(i.STM_Init)
    STM_NextState                            0x080042e7   Thumb Code   254  state_machine.o(i.STM_NextState)
    SysTick_Handler                          0x080043e5   Thumb Code    36  stm32f10x_mc_it.o(i.SysTick_Handler)
    SystemInit                               0x0800440d   Thumb Code     2  system_stm32f1xx.o(i.SystemInit)
    TIM1_BRK_IRQHandler                      0x08004411   Thumb Code    36  stm32f10x_mc_it.o(i.TIM1_BRK_IRQHandler)
    TIM1_UP_IRQHandler                       0x08004439   Thumb Code    14  stm32f10x_mc_it.o(i.TIM1_UP_IRQHandler)
    TIM2_IRQHandler                          0x08004451   Thumb Code    32  stm32f10x_mc_it.o(i.TIM2_IRQHandler)
    TIM_Base_SetConfig                       0x08004475   Thumb Code   128  stm32f1xx_hal_tim.o(i.TIM_Base_SetConfig)
    TSK_ChargeBootCapDelayHasElapsedM1       0x080045e9   Thumb Code    14  mc_tasks.o(i.TSK_ChargeBootCapDelayHasElapsedM1)
    TSK_HardwareFaultTask                    0x080045fd   Thumb Code    24  mc_tasks.o(i.TSK_HardwareFaultTask)
    TSK_HighFrequencyTask                    0x0800461d   Thumb Code   186  mc_tasks.o(i.TSK_HighFrequencyTask)
    TSK_MediumFrequencyTaskM1                0x080046e9   Thumb Code   560  mc_tasks.o(i.TSK_MediumFrequencyTaskM1)
    TSK_SafetyTask                           0x0800493d   Thumb Code    26  mc_tasks.o(i.TSK_SafetyTask)
    TSK_SafetyTask_RBRK                      0x0800495d   Thumb Code   170  mc_tasks.o(i.TSK_SafetyTask_RBRK)
    TSK_SetChargeBootCapDelayM1              0x08004a25   Thumb Code     6  mc_tasks.o(i.TSK_SetChargeBootCapDelayM1)
    TSK_SetStopPermanencyTimeM1              0x08004a31   Thumb Code     6  mc_tasks.o(i.TSK_SetStopPermanencyTimeM1)
    TSK_StopPermanencyTimeHasElapsedM1       0x08004a3d   Thumb Code    14  mc_tasks.o(i.TSK_StopPermanencyTimeHasElapsedM1)
    UFCP_AbortReceive                        0x08004b1d   Thumb Code     8  usart_frame_communication_protocol.o(i.UFCP_AbortReceive)
    UFCP_Init                                0x08004b25   Thumb Code     4  usart_frame_communication_protocol.o(i.UFCP_Init)
    UFCP_OVR_IRQ_Handler                     0x08004b29   Thumb Code    20  usart_frame_communication_protocol.o(i.UFCP_OVR_IRQ_Handler)
    UFCP_RX_IRQ_Handler                      0x08004b3d   Thumb Code   178  usart_frame_communication_protocol.o(i.UFCP_RX_IRQ_Handler)
    UFCP_Receive                             0x08004bfd   Thumb Code    40  usart_frame_communication_protocol.o(i.UFCP_Receive)
    UFCP_Send                                0x08004c25   Thumb Code    86  usart_frame_communication_protocol.o(i.UFCP_Send)
    UFCP_TX_IRQ_Handler                      0x08004c7b   Thumb Code   100  usart_frame_communication_protocol.o(i.UFCP_TX_IRQ_Handler)
    UI_ExecCmd                               0x08004cdf   Thumb Code   108  user_interface.o(i.UI_ExecCmd)
    UI_ExecSpeedRamp                         0x08004d4d   Thumb Code    42  user_interface.o(i.UI_ExecSpeedRamp)
    UI_ExecTorqueRamp                        0x08004d7d   Thumb Code    18  user_interface.o(i.UI_ExecTorqueRamp)
    UI_GetMPInfo                             0x08004d8f   Thumb Code     4  user_interface.o(i.UI_GetMPInfo)
    UI_GetReg                                0x08004d95   Thumb Code   802  user_interface.o(i.UI_GetReg)
    UI_GetRevupData                          0x080050c5   Thumb Code    72  user_interface.o(i.UI_GetRevupData)
    UI_GetSelectedMC                         0x0800510d   Thumb Code     4  user_interface.o(i.UI_GetSelectedMC)
    UI_HandleStartStopButton_cb              0x08005111   Thumb Code    24  ui_task.o(i.UI_HandleStartStopButton_cb)
    UI_Init                                  0x08005129   Thumb Code    20  user_interface.o(i.UI_Init)
    UI_Scheduler                             0x0800513d   Thumb Code    40  ui_task.o(i.UI_Scheduler)
    UI_SelectMC                              0x08005169   Thumb Code    16  user_interface.o(i.UI_SelectMC)
    UI_SerialCommunicationTimeOutStart       0x08005179   Thumb Code     8  ui_task.o(i.UI_SerialCommunicationTimeOutStart)
    UI_SerialCommunicationTimeOutStop        0x08005185   Thumb Code     8  ui_task.o(i.UI_SerialCommunicationTimeOutStop)
    UI_SetCurrentReferences                  0x08005191   Thumb Code    24  user_interface.o(i.UI_SetCurrentReferences)
    UI_SetReg                                0x080051a9   Thumb Code   328  user_interface.o(i.UI_SetReg)
    UI_SetRevupData                          0x080052f5   Thumb Code    54  user_interface.o(i.UI_SetRevupData)
    UI_TaskInit                              0x0800532d   Thumb Code    88  ui_task.o(i.UI_TaskInit)
    USART3_IRQHandler                        0x080053a1   Thumb Code   104  stm32f10x_mc_it.o(i.USART3_IRQHandler)
    VBS_GetAvBusVoltage_V                    0x0800540d   Thumb Code    10  bus_voltage_sensor.o(i.VBS_GetAvBusVoltage_V)
    VSS_Clear                                0x08005417   Thumb Code    44  virtual_speed_sensor.o(i.VSS_Clear)
    VSS_Init                                 0x08005443   Thumb Code     8  virtual_speed_sensor.o(i.VSS_Init)
    VSS_SetCopyObserver                      0x0800544b   Thumb Code     8  virtual_speed_sensor.o(i.VSS_SetCopyObserver)
    VSS_SetMecAcceleration                   0x08005453   Thumb Code   122  virtual_speed_sensor.o(i.VSS_SetMecAcceleration)
    VSS_SetMecAngle                          0x080054cd   Thumb Code    14  virtual_speed_sensor.o(i.VSS_SetMecAngle)
    main                                     0x080054dd   Thumb Code  1196  main.o(i.main)
    mc_lock_pins                             0x08005989   Thumb Code   186  mc_tasks.o(i.mc_lock_pins)
    startTimers                              0x08005a5d   Thumb Code    92  pwm_common.o(i.startTimers)
    waitForPolarizationEnd                   0x08005abd   Thumb Code   106  pwm_common.o(i.waitForPolarizationEnd)
    s_fwVer                                  0x08005b26   Data          32  motorcontrol.o(.constdata)
    hSin_Cos_Table                           0x08005b4e   Data         512  mc_math.o(.constdata)
    R3_2_ParamsM1                            0x08005d50   Data         144  mc_parameters.o(.constdata)
    AHBPrescTable                            0x08005de0   Data          16  system_stm32f1xx.o(.constdata)
    APBPrescTable                            0x08005df0   Data           8  system_stm32f1xx.o(.constdata)
    Region$$Table$$Base                      0x08005e1c   Number         0  anon$$obj.o(Region$$Table)
    Region$$Table$$Limit                     0x08005e3c   Number         0  anon$$obj.o(Region$$Table)
    wConfig                                  0x20000000   Data           4  motorcontrol.o(.data)
    pMCI                                     0x20000004   Data           4  motorcontrol.o(.data)
    pMCT                                     0x20000008   Data           4  motorcontrol.o(.data)
    MPInfo                                   0x2000000c   Data           8  motor_control_protocol.o(.data)
    PQD_MotorPowMeasM1                       0x20000014   Data         276  mc_config.o(.data)
    PIDSpeedHandle_M1                        0x20000128   Data          44  mc_config.o(.data)
    PIDIqHandle_M1                           0x20000154   Data          44  mc_config.o(.data)
    PIDIdHandle_M1                           0x20000180   Data          44  mc_config.o(.data)
    SpeednTorqCtrlM1                         0x200001ac   Data          52  mc_config.o(.data)
    PWM_Handle_M1                            0x200001e0   Data         120  mc_config.o(.data)
    VirtualSpeedSensorM1                     0x20000258   Data          56  mc_config.o(.data)
    ENCODER_M1                               0x20000290   Data         124  mc_config.o(.data)
    EncAlignCtrlM1                           0x2000030c   Data          28  mc_config.o(.data)
    TempSensorParamsM1                       0x20000328   Data          40  mc_config.o(.data)
    RealBusVoltageSensorParamsM1             0x20000350   Data          40  mc_config.o(.data)
    RampExtMngrHFParamsM1                    0x20000378   Data          24  mc_config.o(.data)
    CircleLimitationM1                       0x20000390   Data         180  mc_config.o(.data)
    R_BrakeParamsM1                          0x20000444   Data          12  mc_config.o(.data)
    pUSART                                   0x20000450   Data         316  mc_config.o(.data)
    bMCBootCompleted                         0x2000058c   Data           1  mc_tasks.o(.data)
    oMCInterface                             0x20000594   Data           4  mc_tasks.o(.data)
    pSTC                                     0x20000598   Data           4  mc_tasks.o(.data)
    pPIDSpeed                                0x2000059c   Data           4  mc_tasks.o(.data)
    pPIDIq                                   0x200005a0   Data           4  mc_tasks.o(.data)
    pPIDId                                   0x200005a4   Data           4  mc_tasks.o(.data)
    pEAC                                     0x200005a8   Data           4  mc_tasks.o(.data)
    pBusSensorM1                             0x200005ac   Data           4  mc_tasks.o(.data)
    pTemperatureSensor                       0x200005b0   Data           4  mc_tasks.o(.data)
    pwmcHandle                               0x200005b4   Data           4  mc_tasks.o(.data)
    pR_Brake                                 0x200005b8   Data           4  mc_tasks.o(.data)
    pMPM                                     0x200005bc   Data           4  mc_tasks.o(.data)
    pCLM                                     0x200005c0   Data           4  mc_tasks.o(.data)
    pREMNG                                   0x200005c4   Data           4  mc_tasks.o(.data)
    STM                                      0x200005c8   Data           6  mc_tasks.o(.data)
    RCM_UserConvHandle                       0x200005ce   Data           1  regular_conversion_manager.o(.data)
    RCM_UserConvState                        0x200005cf   Data           1  regular_conversion_manager.o(.data)
    RCM_UserConvValue                        0x200005d0   Data           2  regular_conversion_manager.o(.data)
    pMCP                                     0x200005dc   Data           4  ui_task.o(.data)
    uwTickFreq                               0x200005e0   Data           1  stm32f1xx_hal.o(.data)
    uwTickPrio                               0x200005e4   Data           4  stm32f1xx_hal.o(.data)
    uwTick                                   0x200005e8   Data           4  stm32f1xx_hal.o(.data)
    SystemCoreClock                          0x200005ec   Data           4  system_stm32f1xx.o(.data)
    hadc1                                    0x200005f0   Data          48  main.o(.bss)
    hadc2                                    0x20000620   Data          48  main.o(.bss)
    hspi1                                    0x20000650   Data          88  main.o(.bss)
    htim1                                    0x200006a8   Data          72  main.o(.bss)
    htim2                                    0x200006f0   Data          72  main.o(.bss)
    huart3                                   0x20000738   Data          68  main.o(.bss)
    hdma_adc1                                0x2000077c   Data          68  main.o(.bss)
    UI_Params                                0x200007c0   Data          24  mc_config.o(.bss)
    RealBusVoltageSensorFilterBufferM1       0x200007d8   Data          20  mc_config.o(.bss)
    FOCVars                                  0x200007ec   Data          38  mc_tasks.o(.bss)
    Mci                                      0x20000814   Data          28  mc_tasks.o(.bss)
    MCT                                      0x20000830   Data          84  mc_tasks.o(.bss)
    RCM_handle_array                         0x20000884   Data          16  regular_conversion_manager.o(.bss)
    RCM_CB_array                             0x20000894   Data          32  regular_conversion_manager.o(.bss)
    MCP_UI_Params                            0x200008b4   Data         176  ui_task.o(.bss)
    __libspace_start                         0x20000964   Data          96  libspace.o(.bss)
    __temporary_stack_top$libspace           0x200009c4   Data           0  libspace.o(.bss)



==============================================================================

Memory Map of the image

  Image Entry point : 0x08000131

  Load Region LR_IROM1 (Base: 0x08000000, Size: 0x0000642c, Max: 0x00040000, ABSOLUTE, COMPRESSED[0x00005fbc])

    Execution Region ER_IROM1 (Exec base: 0x08000000, Load base: 0x08000000, Size: 0x00005e3c, Max: 0x00040000, ABSOLUTE)

    Exec Addr    Load Addr    Size         Type   Attr      Idx    E Section Name        Object

    0x08000000   0x08000000   0x00000130   Data   RO            3    RESET               startup_stm32f103xe.o
    0x08000130   0x08000130   0x00000008   Code   RO         5919  * !!!main             c_w.l(__main.o)
    0x08000138   0x08000138   0x00000034   Code   RO         6080    !!!scatter          c_w.l(__scatter.o)
    0x0800016c   0x0800016c   0x0000005a   Code   RO         6078    !!dczerorl2         c_w.l(__dczerorl2.o)
    0x080001c6   0x080001c6   0x00000002   PAD
    0x080001c8   0x080001c8   0x0000001c   Code   RO         6082    !!handler_zi        c_w.l(__scatter_zi.o)
    0x080001e4   0x080001e4   0x00000002   Code   RO         5946    .ARM.Collect$$libinit$$00000000  c_w.l(libinit.o)
    0x080001e6   0x080001e6   0x00000000   Code   RO         5953    .ARM.Collect$$libinit$$00000002  c_w.l(libinit2.o)
    0x080001e6   0x080001e6   0x00000000   Code   RO         5955    .ARM.Collect$$libinit$$00000004  c_w.l(libinit2.o)
    0x080001e6   0x080001e6   0x00000000   Code   RO         5958    .ARM.Collect$$libinit$$0000000A  c_w.l(libinit2.o)
    0x080001e6   0x080001e6   0x00000000   Code   RO         5960    .ARM.Collect$$libinit$$0000000C  c_w.l(libinit2.o)
    0x080001e6   0x080001e6   0x00000000   Code   RO         5962    .ARM.Collect$$libinit$$0000000E  c_w.l(libinit2.o)
    0x080001e6   0x080001e6   0x00000000   Code   RO         5965    .ARM.Collect$$libinit$$00000011  c_w.l(libinit2.o)
    0x080001e6   0x080001e6   0x00000000   Code   RO         5967    .ARM.Collect$$libinit$$00000013  c_w.l(libinit2.o)
    0x080001e6   0x080001e6   0x00000000   Code   RO         5969    .ARM.Collect$$libinit$$00000015  c_w.l(libinit2.o)
    0x080001e6   0x080001e6   0x00000000   Code   RO         5971    .ARM.Collect$$libinit$$00000017  c_w.l(libinit2.o)
    0x080001e6   0x080001e6   0x00000000   Code   RO         5973    .ARM.Collect$$libinit$$00000019  c_w.l(libinit2.o)
    0x080001e6   0x080001e6   0x00000000   Code   RO         5975    .ARM.Collect$$libinit$$0000001B  c_w.l(libinit2.o)
    0x080001e6   0x080001e6   0x00000000   Code   RO         5977    .ARM.Collect$$libinit$$0000001D  c_w.l(libinit2.o)
    0x080001e6   0x080001e6   0x00000000   Code   RO         5979    .ARM.Collect$$libinit$$0000001F  c_w.l(libinit2.o)
    0x080001e6   0x080001e6   0x00000000   Code   RO         5981    .ARM.Collect$$libinit$$00000021  c_w.l(libinit2.o)
    0x080001e6   0x080001e6   0x00000000   Code   RO         5983    .ARM.Collect$$libinit$$00000023  c_w.l(libinit2.o)
    0x080001e6   0x080001e6   0x00000000   Code   RO         5985    .ARM.Collect$$libinit$$00000025  c_w.l(libinit2.o)
    0x080001e6   0x080001e6   0x00000000   Code   RO         5989    .ARM.Collect$$libinit$$0000002C  c_w.l(libinit2.o)
    0x080001e6   0x080001e6   0x00000000   Code   RO         5991    .ARM.Collect$$libinit$$0000002E  c_w.l(libinit2.o)
    0x080001e6   0x080001e6   0x00000000   Code   RO         5993    .ARM.Collect$$libinit$$00000030  c_w.l(libinit2.o)
    0x080001e6   0x080001e6   0x00000000   Code   RO         5995    .ARM.Collect$$libinit$$00000032  c_w.l(libinit2.o)
    0x080001e6   0x080001e6   0x00000002   Code   RO         5996    .ARM.Collect$$libinit$$00000033  c_w.l(libinit2.o)
    0x080001e8   0x080001e8   0x00000002   Code   RO         6016    .ARM.Collect$$libshutdown$$00000000  c_w.l(libshutdown.o)
    0x080001ea   0x080001ea   0x00000000   Code   RO         6029    .ARM.Collect$$libshutdown$$00000002  c_w.l(libshutdown2.o)
    0x080001ea   0x080001ea   0x00000000   Code   RO         6031    .ARM.Collect$$libshutdown$$00000004  c_w.l(libshutdown2.o)
    0x080001ea   0x080001ea   0x00000000   Code   RO         6033    .ARM.Collect$$libshutdown$$00000006  c_w.l(libshutdown2.o)
    0x080001ea   0x080001ea   0x00000000   Code   RO         6036    .ARM.Collect$$libshutdown$$00000009  c_w.l(libshutdown2.o)
    0x080001ea   0x080001ea   0x00000000   Code   RO         6039    .ARM.Collect$$libshutdown$$0000000C  c_w.l(libshutdown2.o)
    0x080001ea   0x080001ea   0x00000000   Code   RO         6041    .ARM.Collect$$libshutdown$$0000000E  c_w.l(libshutdown2.o)
    0x080001ea   0x080001ea   0x00000000   Code   RO         6044    .ARM.Collect$$libshutdown$$00000011  c_w.l(libshutdown2.o)
    0x080001ea   0x080001ea   0x00000002   Code   RO         6045    .ARM.Collect$$libshutdown$$00000012  c_w.l(libshutdown2.o)
    0x080001ec   0x080001ec   0x00000000   Code   RO         5921    .ARM.Collect$$rtentry$$00000000  c_w.l(__rtentry.o)
    0x080001ec   0x080001ec   0x00000000   Code   RO         5923    .ARM.Collect$$rtentry$$00000002  c_w.l(__rtentry2.o)
    0x080001ec   0x080001ec   0x00000006   Code   RO         5935    .ARM.Collect$$rtentry$$00000004  c_w.l(__rtentry4.o)
    0x080001f2   0x080001f2   0x00000000   Code   RO         5925    .ARM.Collect$$rtentry$$00000009  c_w.l(__rtentry2.o)
    0x080001f2   0x080001f2   0x00000004   Code   RO         5926    .ARM.Collect$$rtentry$$0000000A  c_w.l(__rtentry2.o)
    0x080001f6   0x080001f6   0x00000000   Code   RO         5928    .ARM.Collect$$rtentry$$0000000C  c_w.l(__rtentry2.o)
    0x080001f6   0x080001f6   0x00000008   Code   RO         5929    .ARM.Collect$$rtentry$$0000000D  c_w.l(__rtentry2.o)
    0x080001fe   0x080001fe   0x00000002   Code   RO         5950    .ARM.Collect$$rtexit$$00000000  c_w.l(rtexit.o)
    0x08000200   0x08000200   0x00000000   Code   RO         5998    .ARM.Collect$$rtexit$$00000002  c_w.l(rtexit2.o)
    0x08000200   0x08000200   0x00000004   Code   RO         5999    .ARM.Collect$$rtexit$$00000003  c_w.l(rtexit2.o)
    0x08000204   0x08000204   0x00000006   Code   RO         6000    .ARM.Collect$$rtexit$$00000004  c_w.l(rtexit2.o)
    0x0800020a   0x0800020a   0x00000002   PAD
    0x0800020c   0x0800020c   0x00000040   Code   RO            4    .text               startup_stm32f103xe.o
    0x0800024c   0x0800024c   0x000003d0   Code   RO         5908    .text               libmc-keil_M3.lib(revup_ctrl.o)
    0x0800061c   0x0800061c   0x00000006   Code   RO         5917    .text               c_w.l(heapauxi.o)
    0x08000622   0x08000622   0x0000004a   Code   RO         5937    .text               c_w.l(sys_stackheap_outer.o)
    0x0800066c   0x0800066c   0x00000012   Code   RO         5939    .text               c_w.l(exit.o)
    0x0800067e   0x0800067e   0x00000002   PAD
    0x08000680   0x08000680   0x00000008   Code   RO         5947    .text               c_w.l(libspace.o)
    0x08000688   0x08000688   0x0000000c   Code   RO         6008    .text               c_w.l(sys_exit.o)
    0x08000694   0x08000694   0x00000002   Code   RO         6019    .text               c_w.l(use_no_semi.o)
    0x08000696   0x08000696   0x00000000   Code   RO         6021    .text               c_w.l(indicate_semi.o)
    0x08000696   0x08000696   0x00000002   PAD
    0x08000698   0x08000698   0x00000014   Code   RO         1190    i.ADC1_2_IRQHandler  stm32f10x_mc_it.o
    0x080006ac   0x080006ac   0x0000005e   Code   RO         1610    i.ADC_ConversionStop_Disable  stm32f1xx_hal_adc.o
    0x0800070a   0x0800070a   0x00000056   Code   RO         4472    i.Circle_Limitation  circle_limitation.o
    0x08000760   0x08000760   0x00000026   Code   RO         4497    i.DOUT_SetOutputState  digital_output.o
    0x08000786   0x08000786   0x00000034   Code   RO         4529    i.EAC_Exec          enc_align_ctrl.o
    0x080007ba   0x080007ba   0x00000004   Code   RO         4530    i.EAC_GetRestartState  enc_align_ctrl.o
    0x080007be   0x080007be   0x0000000e   Code   RO         4531    i.EAC_Init          enc_align_ctrl.o
    0x080007cc   0x080007cc   0x00000004   Code   RO         4532    i.EAC_IsAligned     enc_align_ctrl.o
    0x080007d0   0x080007d0   0x00000004   Code   RO         4533    i.EAC_SetRestartState  enc_align_ctrl.o
    0x080007d4   0x080007d4   0x0000004a   Code   RO         4534    i.EAC_StartAlignment  enc_align_ctrl.o
    0x0800081e   0x0800081e   0x0000002c   Code   RO         4583    i.ENC_CalcAngle     encoder_speed_pos_fdbk.o
    0x0800084a   0x0800084a   0x00000128   Code   RO         4584    i.ENC_CalcAvrgMecSpeedUnit  encoder_speed_pos_fdbk.o
    0x08000972   0x08000972   0x00000002   PAD
    0x08000974   0x08000974   0x0000002a   Code   RO         4585    i.ENC_Clear         encoder_speed_pos_fdbk.o
    0x0800099e   0x0800099e   0x0000000e   Code   RO         4586    i.ENC_IRQHandler    encoder_speed_pos_fdbk.o
    0x080009ac   0x080009ac   0x000000c4   Code   RO         4587    i.ENC_Init          encoder_speed_pos_fdbk.o
    0x08000a70   0x08000a70   0x0000002a   Code   RO         4588    i.ENC_SetMecAngle   encoder_speed_pos_fdbk.o
    0x08000a9a   0x08000a9a   0x00000002   PAD
    0x08000a9c   0x08000a9c   0x00000018   Code   RO         1191    i.EXTI9_5_IRQHandler  stm32f10x_mc_it.o
    0x08000ab4   0x08000ab4   0x00000004   Code   RO           13    i.Error_Handler     main.o
    0x08000ab8   0x08000ab8   0x0000002e   Code   RO         5751    i.FCP_CalcCRC       frame_communication_protocol.o
    0x08000ae6   0x08000ae6   0x0000002a   Code   RO         5752    i.FCP_Init          frame_communication_protocol.o
    0x08000b10   0x08000b10   0x0000000e   Code   RO         5754    i.FCP_SetClient     frame_communication_protocol.o
    0x08000b1e   0x08000b1e   0x00000002   PAD
    0x08000b20   0x08000b20   0x00000034   Code   RO          689    i.FOC_CalcCurrRef   mc_tasks.o
    0x08000b54   0x08000b54   0x0000006c   Code   RO          690    i.FOC_Clear         mc_tasks.o
    0x08000bc0   0x08000bc0   0x00000002   Code   RO          691    i.FOC_InitAdditionalMethods  mc_tasks.o
    0x08000bc2   0x08000bc2   0x00000002   PAD
    0x08000bc4   0x08000bc4   0x000002a4   Code   RO         1791    i.HAL_ADCEx_InjectedConfigChannel  stm32f1xx_hal_adc_ex.o
    0x08000e68   0x08000e68   0x0000015c   Code   RO         1616    i.HAL_ADC_ConfigChannel  stm32f1xx_hal_adc.o
    0x08000fc4   0x08000fc4   0x00000144   Code   RO         1625    i.HAL_ADC_Init      stm32f1xx_hal_adc.o
    0x08001108   0x08001108   0x000000f0   Code   RO         1484    i.HAL_ADC_MspInit   stm32f1xx_hal_msp.o
    0x080011f8   0x080011f8   0x000000a0   Code   RO         2269    i.HAL_DMA_Init      stm32f1xx_hal_dma.o
    0x08001298   0x08001298   0x00000204   Code   RO         2200    i.HAL_GPIO_Init     stm32f1xx_hal_gpio.o
    0x0800149c   0x0800149c   0x0000000a   Code   RO         2204    i.HAL_GPIO_WritePin  stm32f1xx_hal_gpio.o
    0x080014a6   0x080014a6   0x00000002   PAD
    0x080014a8   0x080014a8   0x0000000c   Code   RO         1897    i.HAL_GetTick       stm32f1xx_hal.o
    0x080014b4   0x080014b4   0x00000010   Code   RO         1903    i.HAL_IncTick       stm32f1xx_hal.o
    0x080014c4   0x080014c4   0x00000024   Code   RO         1904    i.HAL_Init          stm32f1xx_hal.o
    0x080014e8   0x080014e8   0x00000040   Code   RO         1905    i.HAL_InitTick      stm32f1xx_hal.o
    0x08001528   0x08001528   0x00000044   Code   RO         1485    i.HAL_MspInit       stm32f1xx_hal_msp.o
    0x0800156c   0x0800156c   0x0000001e   Code   RO         2355    i.HAL_NVIC_EnableIRQ  stm32f1xx_hal_cortex.o
    0x0800158a   0x0800158a   0x00000002   PAD
    0x0800158c   0x0800158c   0x00000064   Code   RO         2361    i.HAL_NVIC_SetPriority  stm32f1xx_hal_cortex.o
    0x080015f0   0x080015f0   0x00000024   Code   RO         2362    i.HAL_NVIC_SetPriorityGrouping  stm32f1xx_hal_cortex.o
    0x08001614   0x08001614   0x0000012c   Code   RO         2163    i.HAL_RCCEx_PeriphCLKConfig  stm32f1xx_hal_rcc_ex.o
    0x08001740   0x08001740   0x000001c4   Code   RO         2061    i.HAL_RCC_ClockConfig  stm32f1xx_hal_rcc.o
    0x08001904   0x08001904   0x0000000c   Code   RO         2064    i.HAL_RCC_EnableCSS  stm32f1xx_hal_rcc.o
    0x08001910   0x08001910   0x0000000c   Code   RO         2066    i.HAL_RCC_GetHCLKFreq  stm32f1xx_hal_rcc.o
    0x0800191c   0x0800191c   0x00000020   Code   RO         2068    i.HAL_RCC_GetPCLK1Freq  stm32f1xx_hal_rcc.o
    0x0800193c   0x0800193c   0x00000020   Code   RO         2069    i.HAL_RCC_GetPCLK2Freq  stm32f1xx_hal_rcc.o
    0x0800195c   0x0800195c   0x00000078   Code   RO         2070    i.HAL_RCC_GetSysClockFreq  stm32f1xx_hal_rcc.o
    0x080019d4   0x080019d4   0x000003c8   Code   RO         2073    i.HAL_RCC_OscConfig  stm32f1xx_hal_rcc.o
    0x08001d9c   0x08001d9c   0x000000b8   Code   RO         2825    i.HAL_SPI_Init      stm32f1xx_hal_spi.o
    0x08001e54   0x08001e54   0x000000ac   Code   RO         1487    i.HAL_SPI_MspInit   stm32f1xx_hal_msp.o
    0x08001f00   0x08001f00   0x00000002   Code   RO         2365    i.HAL_SYSTICK_Callback  stm32f1xx_hal_cortex.o
    0x08001f02   0x08001f02   0x00000002   PAD
    0x08001f04   0x08001f04   0x0000002c   Code   RO         2366    i.HAL_SYSTICK_Config  stm32f1xx_hal_cortex.o
    0x08001f30   0x08001f30   0x00000008   Code   RO         2367    i.HAL_SYSTICK_IRQHandler  stm32f1xx_hal_cortex.o
    0x08001f38   0x08001f38   0x00000052   Code   RO         3792    i.HAL_TIMEx_ConfigBreakDeadTime  stm32f1xx_hal_tim_ex.o
    0x08001f8a   0x08001f8a   0x00000082   Code   RO         3808    i.HAL_TIMEx_MasterConfigSynchronization  stm32f1xx_hal_tim_ex.o
    0x0800200c   0x0800200c   0x0000005a   Code   RO         3122    i.HAL_TIM_Base_Init  stm32f1xx_hal_tim.o
    0x08002066   0x08002066   0x00000002   PAD
    0x08002068   0x08002068   0x0000002c   Code   RO         1489    i.HAL_TIM_Base_MspInit  stm32f1xx_hal_msp.o
    0x08002094   0x08002094   0x000000c4   Code   RO         3143    i.HAL_TIM_Encoder_Init  stm32f1xx_hal_tim.o
    0x08002158   0x08002158   0x00000054   Code   RO         1491    i.HAL_TIM_Encoder_MspInit  stm32f1xx_hal_msp.o
    0x080021ac   0x080021ac   0x00000078   Code   RO         1492    i.HAL_TIM_MspPostInit  stm32f1xx_hal_msp.o
    0x08002224   0x08002224   0x0000022c   Code   RO         3194    i.HAL_TIM_PWM_ConfigChannel  stm32f1xx_hal_tim.o
    0x08002450   0x08002450   0x0000005a   Code   RO         3197    i.HAL_TIM_PWM_Init  stm32f1xx_hal_tim.o
    0x080024aa   0x080024aa   0x00000002   Code   RO         3199    i.HAL_TIM_PWM_MspInit  stm32f1xx_hal_tim.o
    0x080024ac   0x080024ac   0x00000056   Code   RO         3211    i.HAL_TIM_SlaveConfigSynchro  stm32f1xx_hal_tim.o
    0x08002502   0x08002502   0x00000062   Code   RO         4080    i.HAL_UART_Init     stm32f1xx_hal_uart.o
    0x08002564   0x08002564   0x00000074   Code   RO         1494    i.HAL_UART_MspInit  stm32f1xx_hal_msp.o
    0x080025d8   0x080025d8   0x0000006c   Code   RO         1192    i.HardFault_Handler  stm32f10x_mc_it.o
    0x08002644   0x08002644   0x00000010   Code   RO          962    i.MCI_Clear_Iqdref  mc_interface.o
    0x08002654   0x08002654   0x00000008   Code   RO          963    i.MCI_EncoderAlign  mc_interface.o
    0x0800265c   0x0800265c   0x00000078   Code   RO          964    i.MCI_ExecBufferedCommands  mc_interface.o
    0x080026d4   0x080026d4   0x0000000e   Code   RO          965    i.MCI_ExecSpeedRamp  mc_interface.o
    0x080026e2   0x080026e2   0x00000012   Code   RO          966    i.MCI_ExecTorqueRamp  mc_interface.o
    0x080026f4   0x080026f4   0x00000006   Code   RO          967    i.MCI_FaultAcknowledged  mc_interface.o
    0x080026fa   0x080026fa   0x00000010   Code   RO          968    i.MCI_GetAvrgMecSpeedUnit  mc_interface.o
    0x0800270a   0x0800270a   0x00000004   Code   RO          969    i.MCI_GetControlMode  mc_interface.o
    0x0800270e   0x0800270e   0x00000006   Code   RO          972    i.MCI_GetIab        mc_interface.o
    0x08002714   0x08002714   0x00000006   Code   RO          973    i.MCI_GetIalphabeta  mc_interface.o
    0x0800271a   0x0800271a   0x00000006   Code   RO          975    i.MCI_GetIqd        mc_interface.o
    0x08002720   0x08002720   0x00000006   Code   RO          977    i.MCI_GetIqdref     mc_interface.o
    0x08002726   0x08002726   0x00000010   Code   RO          978    i.MCI_GetLastRampFinalSpeed  mc_interface.o
    0x08002736   0x08002736   0x00000006   Code   RO          979    i.MCI_GetMecSpeedRefUnit  mc_interface.o
    0x0800273c   0x0800273c   0x00000006   Code   RO          983    i.MCI_GetSTMState   mc_interface.o
    0x08002742   0x08002742   0x00000008   Code   RO          985    i.MCI_GetTeref      mc_interface.o
    0x0800274a   0x0800274a   0x00000008   Code   RO          986    i.MCI_GetValphabeta  mc_interface.o
    0x08002752   0x08002752   0x00000008   Code   RO          987    i.MCI_GetVqd        mc_interface.o
    0x0800275a   0x0800275a   0x00000014   Code   RO          988    i.MCI_Init          mc_interface.o
    0x0800276e   0x0800276e   0x00000014   Code   RO          991    i.MCI_SetCurrentReferences  mc_interface.o
    0x08002782   0x08002782   0x0000000a   Code   RO          992    i.MCI_SetIdref      mc_interface.o
    0x0800278c   0x0800278c   0x00000016   Code   RO          993    i.MCI_StartMotor    mc_interface.o
    0x080027a2   0x080027a2   0x00000008   Code   RO          994    i.MCI_StopMotor     mc_interface.o
    0x080027aa   0x080027aa   0x00000006   Code   RO          995    i.MCI_StopRamp      mc_interface.o
    0x080027b0   0x080027b0   0x00000048   Code   RO          899    i.MCM_Clarke        mc_math.o
    0x080027f8   0x080027f8   0x00000080   Code   RO          900    i.MCM_Park          mc_math.o
    0x08002878   0x08002878   0x00000030   Code   RO          901    i.MCM_Rev_Park      mc_math.o
    0x080028a8   0x080028a8   0x00000074   Code   RO          903    i.MCM_Trig_Functions  mc_math.o
    0x0800291c   0x0800291c   0x00000040   Code   RO          569    i.MCP_Init          motor_control_protocol.o
    0x0800295c   0x0800295c   0x00000008   Code   RO          570    i.MCP_OnTimeOut     motor_control_protocol.o
    0x08002964   0x08002964   0x00000668   Code   RO          571    i.MCP_ReceivedFrame  motor_control_protocol.o
    0x08002fcc   0x08002fcc   0x00000008   Code   RO          576    i.MCP_SentFrame     motor_control_protocol.o
    0x08002fd4   0x08002fd4   0x0000001a   Code   RO          577    i.MCP_WaitNextFrame  motor_control_protocol.o
    0x08002fee   0x08002fee   0x00000002   PAD
    0x08002ff0   0x08002ff0   0x0000000c   Code   RO          376    i.MC_GetSTMStateMotor1  mc_api.o
    0x08002ffc   0x08002ffc   0x00000020   Code   RO          694    i.MC_RunMotorControlTasks  mc_tasks.o
    0x0800301c   0x0800301c   0x00000040   Code   RO          695    i.MC_Scheduler      mc_tasks.o
    0x0800305c   0x0800305c   0x0000000c   Code   RO          386    i.MC_StartMotor1    mc_api.o
    0x08003068   0x08003068   0x0000000c   Code   RO          387    i.MC_StopMotor1     mc_api.o
    0x08003074   0x08003074   0x000001c0   Code   RO          696    i.MCboot            mc_tasks.o
    0x08003234   0x08003234   0x00000046   Code   RO         4642    i.MPM_CalcElMotorPower  motor_power_measurement.o
    0x0800327a   0x0800327a   0x0000001a   Code   RO         4643    i.MPM_Clear         motor_power_measurement.o
    0x08003294   0x08003294   0x00000006   Code   RO         4644    i.MPM_GetAvrgElMotorPowerW  motor_power_measurement.o
    0x0800329a   0x0800329a   0x00000002   PAD
    0x0800329c   0x0800329c   0x00000038   Code   RO          321    i.MX_MotorControl_Init  motorcontrol.o
    0x080032d4   0x080032d4   0x0000003a   Code   RO         4684    i.NTC_CalcAvTemp    ntc_temperature_sensor.o
    0x0800330e   0x0800330e   0x00000006   Code   RO         4686    i.NTC_Clear         ntc_temperature_sensor.o
    0x08003314   0x08003314   0x00000028   Code   RO         4687    i.NTC_GetAvTemp_C   ntc_temperature_sensor.o
    0x0800333c   0x0800333c   0x00000024   Code   RO         4689    i.NTC_Init          ntc_temperature_sensor.o
    0x08003360   0x08003360   0x00000018   Code   RO         4690    i.NTC_SetFaultState  ntc_temperature_sensor.o
    0x08003378   0x08003378   0x00000006   Code   RO         4795    i.PID_GetKD         pid_regulator.o
    0x0800337e   0x0800337e   0x00000006   Code   RO         4797    i.PID_GetKI         pid_regulator.o
    0x08003384   0x08003384   0x00000004   Code   RO         4798    i.PID_GetKIDivisor  pid_regulator.o
    0x08003388   0x08003388   0x00000006   Code   RO         4799    i.PID_GetKP         pid_regulator.o
    0x0800338e   0x0800338e   0x00000004   Code   RO         4800    i.PID_GetKPDivisor  pid_regulator.o
    0x08003392   0x08003392   0x00000014   Code   RO         4801    i.PID_HandleInit    pid_regulator.o
    0x080033a6   0x080033a6   0x00000004   Code   RO         4802    i.PID_SetIntegralTerm  pid_regulator.o
    0x080033aa   0x080033aa   0x00000004   Code   RO         4803    i.PID_SetKD         pid_regulator.o
    0x080033ae   0x080033ae   0x00000004   Code   RO         4805    i.PID_SetKI         pid_regulator.o
    0x080033b2   0x080033b2   0x00000004   Code   RO         4807    i.PID_SetKP         pid_regulator.o
    0x080033b6   0x080033b6   0x00000002   PAD
    0x080033b8   0x080033b8   0x00000080   Code   RO         4814    i.PI_Controller     pid_regulator.o
    0x08003438   0x08003438   0x00000064   Code   RO         4948    i.PQD_CalcElMotorPower  pqd_motor_power_measurement.o
    0x0800349c   0x0800349c   0x00000004   Code   RO         4972    i.PWMC_CheckOverCurrent  pwm_curr_fdbk.o
    0x080034a0   0x080034a0   0x00000042   Code   RO         4973    i.PWMC_CurrentReadingCalibr  pwm_curr_fdbk.o
    0x080034e2   0x080034e2   0x00000004   Code   RO         4974    i.PWMC_GetPhaseCurrents  pwm_curr_fdbk.o
    0x080034e6   0x080034e6   0x000001f0   Code   RO         4992    i.PWMC_SetPhaseVoltage  pwm_curr_fdbk.o
    0x080036d6   0x080036d6   0x00000004   Code   RO         4993    i.PWMC_SwitchOffPWM  pwm_curr_fdbk.o
    0x080036da   0x080036da   0x00000004   Code   RO         4994    i.PWMC_SwitchOnPWM  pwm_curr_fdbk.o
    0x080036de   0x080036de   0x00000004   Code   RO         4995    i.PWMC_TurnOnLowSides  pwm_curr_fdbk.o
    0x080036e2   0x080036e2   0x00000038   Code   RO         5638    i.R3_2_BRK_IRQHandler  r3_2_f1xx_pwm_curr_fdbk.o
    0x0800371a   0x0800371a   0x00000002   PAD
    0x0800371c   0x0800371c   0x0000013c   Code   RO         5639    i.R3_2_CurrentReadingPolarization  r3_2_f1xx_pwm_curr_fdbk.o
    0x08003858   0x08003858   0x0000012c   Code   RO         5640    i.R3_2_GetPhaseCurrents  r3_2_f1xx_pwm_curr_fdbk.o
    0x08003984   0x08003984   0x00000056   Code   RO         5641    i.R3_2_HFCurrentsPolarizationAB  r3_2_f1xx_pwm_curr_fdbk.o
    0x080039da   0x080039da   0x0000003e   Code   RO         5642    i.R3_2_HFCurrentsPolarizationC  r3_2_f1xx_pwm_curr_fdbk.o
    0x08003a18   0x08003a18   0x00000098   Code   RO         5643    i.R3_2_Init         r3_2_f1xx_pwm_curr_fdbk.o
    0x08003ab0   0x08003ab0   0x00000016   Code   RO         5644    i.R3_2_IsOverCurrentOccurred  r3_2_f1xx_pwm_curr_fdbk.o
    0x08003ac6   0x08003ac6   0x0000003e   Code   RO         5645    i.R3_2_SetADCSampPointPolarization  r3_2_f1xx_pwm_curr_fdbk.o
    0x08003b04   0x08003b04   0x00000088   Code   RO         5646    i.R3_2_SetADCSampPointSectX  r3_2_f1xx_pwm_curr_fdbk.o
    0x08003b8c   0x08003b8c   0x0000005a   Code   RO         5647    i.R3_2_SwitchOffPWM  r3_2_f1xx_pwm_curr_fdbk.o
    0x08003be6   0x08003be6   0x000000c4   Code   RO         5648    i.R3_2_SwitchOnPWM  r3_2_f1xx_pwm_curr_fdbk.o
    0x08003caa   0x08003caa   0x00000002   PAD
    0x08003cac   0x08003cac   0x000000cc   Code   RO         5649    i.R3_2_TIMx_UP_IRQHandler  r3_2_f1xx_pwm_curr_fdbk.o
    0x08003d78   0x08003d78   0x0000005a   Code   RO         5650    i.R3_2_TurnOnLowSides  r3_2_f1xx_pwm_curr_fdbk.o
    0x08003dd2   0x08003dd2   0x00000002   PAD
    0x08003dd4   0x08003dd4   0x0000007c   Code   RO          833    i.RCM_ExecRegularConv  regular_conversion_manager.o
    0x08003e50   0x08003e50   0x00000044   Code   RO          834    i.RCM_ExecUserConv  regular_conversion_manager.o
    0x08003e94   0x08003e94   0x0000011c   Code   RO          837    i.RCM_RegisterRegConv  regular_conversion_manager.o
    0x08003fb0   0x08003fb0   0x00000010   Code   RO         5221    i.REMNG_Init        ramp_ext_mngr.o
    0x08003fc0   0x08003fc0   0x00000064   Code   RO         5170    i.RVBS_CalcAvVbus   r_divider_bus_voltage_sensor.o
    0x08004024   0x08004024   0x00000018   Code   RO         5172    i.RVBS_CheckFaultState  r_divider_bus_voltage_sensor.o
    0x0800403c   0x0800403c   0x0000002c   Code   RO         5173    i.RVBS_Clear        r_divider_bus_voltage_sensor.o
    0x08004068   0x08004068   0x00000016   Code   RO         5174    i.RVBS_Init         r_divider_bus_voltage_sensor.o
    0x0800407e   0x0800407e   0x00000006   Code   RO         5279    i.SPD_GetAvrgMecSpeedUnit  speed_pos_fdbk.o
    0x08004084   0x08004084   0x00000006   Code   RO         5280    i.SPD_GetElAngle    speed_pos_fdbk.o
    0x0800408a   0x0800408a   0x00000006   Code   RO         5283    i.SPD_GetInstElSpeedDpp  speed_pos_fdbk.o
    0x08004090   0x08004090   0x00000014   Code   RO         5285    i.SPD_GetS16Speed   speed_pos_fdbk.o
    0x080040a4   0x080040a4   0x00000060   Code   RO         5286    i.SPD_IsMecSpeedReliable  speed_pos_fdbk.o
    0x08004104   0x08004104   0x0000005c   Code   RO         5356    i.STC_CalcTorqueReference  speed_torq_ctrl.o
    0x08004160   0x08004160   0x00000010   Code   RO         5357    i.STC_Clear         speed_torq_ctrl.o
    0x08004170   0x08004170   0x00000092   Code   RO         5358    i.STC_ExecRamp      speed_torq_ctrl.o
    0x08004202   0x08004202   0x00000010   Code   RO         5359    i.STC_ForceSpeedReferenceToCurrentSpeed  speed_torq_ctrl.o
    0x08004212   0x08004212   0x00000010   Code   RO         5361    i.STC_GetDefaultIqdref  speed_torq_ctrl.o
    0x08004222   0x08004222   0x00000004   Code   RO         5362    i.STC_GetMaxAppPositiveMecSpeedUnit  speed_torq_ctrl.o
    0x08004226   0x08004226   0x0000000c   Code   RO         5363    i.STC_GetMecSpeedRefUnit  speed_torq_ctrl.o
    0x08004232   0x08004232   0x00000006   Code   RO         5364    i.STC_GetMecSpeedRefUnitDefault  speed_torq_ctrl.o
    0x08004238   0x08004238   0x00000006   Code   RO         5365    i.STC_GetMinAppNegativeMecSpeedUnit  speed_torq_ctrl.o
    0x0800423e   0x0800423e   0x00000004   Code   RO         5366    i.STC_GetSpeedSensor  speed_torq_ctrl.o
    0x08004242   0x08004242   0x0000000c   Code   RO         5367    i.STC_GetTorqueRef  speed_torq_ctrl.o
    0x0800424e   0x0800424e   0x00000020   Code   RO         5368    i.STC_Init          speed_torq_ctrl.o
    0x0800426e   0x0800426e   0x00000008   Code   RO         5370    i.STC_SetControlMode  speed_torq_ctrl.o
    0x08004276   0x08004276   0x00000004   Code   RO         5372    i.STC_SetSpeedSensor  speed_torq_ctrl.o
    0x0800427a   0x0800427a   0x00000008   Code   RO         5373    i.STC_StopRamp      speed_torq_ctrl.o
    0x08004282   0x08004282   0x00000016   Code   RO         5488    i.STM_FaultAcknowledged  state_machine.o
    0x08004298   0x08004298   0x00000036   Code   RO         5489    i.STM_FaultProcessing  state_machine.o
    0x080042ce   0x080042ce   0x0000000a   Code   RO         5490    i.STM_GetFaultState  state_machine.o
    0x080042d8   0x080042d8   0x00000004   Code   RO         5491    i.STM_GetState      state_machine.o
    0x080042dc   0x080042dc   0x0000000a   Code   RO         5492    i.STM_Init          state_machine.o
    0x080042e6   0x080042e6   0x000000fe   Code   RO         5493    i.STM_NextState     state_machine.o
    0x080043e4   0x080043e4   0x00000028   Code   RO         1193    i.SysTick_Handler   stm32f10x_mc_it.o
    0x0800440c   0x0800440c   0x00000002   Code   RO         4393    i.SystemInit        system_stm32f1xx.o
    0x0800440e   0x0800440e   0x00000002   PAD
    0x08004410   0x08004410   0x00000028   Code   RO         1194    i.TIM1_BRK_IRQHandler  stm32f10x_mc_it.o
    0x08004438   0x08004438   0x00000018   Code   RO         1195    i.TIM1_UP_IRQHandler  stm32f10x_mc_it.o
    0x08004450   0x08004450   0x00000024   Code   RO         1196    i.TIM2_IRQHandler   stm32f10x_mc_it.o
    0x08004474   0x08004474   0x00000094   Code   RO         3215    i.TIM_Base_SetConfig  stm32f1xx_hal_tim.o
    0x08004508   0x08004508   0x000000de   Code   RO         3228    i.TIM_SlaveTimer_SetConfig  stm32f1xx_hal_tim.o
    0x080045e6   0x080045e6   0x00000002   PAD
    0x080045e8   0x080045e8   0x00000014   Code   RO          697    i.TSK_ChargeBootCapDelayHasElapsedM1  mc_tasks.o
    0x080045fc   0x080045fc   0x00000020   Code   RO          698    i.TSK_HardwareFaultTask  mc_tasks.o
    0x0800461c   0x0800461c   0x000000cc   Code   RO          699    i.TSK_HighFrequencyTask  mc_tasks.o
    0x080046e8   0x080046e8   0x00000254   Code   RO          700    i.TSK_MediumFrequencyTaskM1  mc_tasks.o
    0x0800493c   0x0800493c   0x00000020   Code   RO          701    i.TSK_SafetyTask    mc_tasks.o
    0x0800495c   0x0800495c   0x000000c8   Code   RO          703    i.TSK_SafetyTask_RBRK  mc_tasks.o
    0x08004a24   0x08004a24   0x0000000c   Code   RO          704    i.TSK_SetChargeBootCapDelayM1  mc_tasks.o
    0x08004a30   0x08004a30   0x0000000c   Code   RO          705    i.TSK_SetStopPermanencyTimeM1  mc_tasks.o
    0x08004a3c   0x08004a3c   0x00000014   Code   RO          706    i.TSK_StopPermanencyTimeHasElapsedM1  mc_tasks.o
    0x08004a50   0x08004a50   0x000000cc   Code   RO         4104    i.UART_SetConfig    stm32f1xx_hal_uart.o
    0x08004b1c   0x08004b1c   0x00000008   Code   RO         5831    i.UFCP_AbortReceive  usart_frame_communication_protocol.o
    0x08004b24   0x08004b24   0x00000004   Code   RO         5832    i.UFCP_Init         usart_frame_communication_protocol.o
    0x08004b28   0x08004b28   0x00000014   Code   RO         5833    i.UFCP_OVR_IRQ_Handler  usart_frame_communication_protocol.o
    0x08004b3c   0x08004b3c   0x000000c0   Code   RO         5834    i.UFCP_RX_IRQ_Handler  usart_frame_communication_protocol.o
    0x08004bfc   0x08004bfc   0x00000028   Code   RO         5835    i.UFCP_Receive      usart_frame_communication_protocol.o
    0x08004c24   0x08004c24   0x00000056   Code   RO         5836    i.UFCP_Send         usart_frame_communication_protocol.o
    0x08004c7a   0x08004c7a   0x00000064   Code   RO         5838    i.UFCP_TX_IRQ_Handler  usart_frame_communication_protocol.o
    0x08004cde   0x08004cde   0x0000006c   Code   RO         1366    i.UI_ExecCmd        user_interface.o
    0x08004d4a   0x08004d4a   0x00000002   PAD
    0x08004d4c   0x08004d4c   0x00000030   Code   RO         1367    i.UI_ExecSpeedRamp  user_interface.o
    0x08004d7c   0x08004d7c   0x00000012   Code   RO         1368    i.UI_ExecTorqueRamp  user_interface.o
    0x08004d8e   0x08004d8e   0x00000004   Code   RO         1369    i.UI_GetMPInfo      user_interface.o
    0x08004d92   0x08004d92   0x00000002   PAD
    0x08004d94   0x08004d94   0x00000330   Code   RO         1370    i.UI_GetReg         user_interface.o
    0x080050c4   0x080050c4   0x00000048   Code   RO         1371    i.UI_GetRevupData   user_interface.o
    0x0800510c   0x0800510c   0x00000004   Code   RO         1372    i.UI_GetSelectedMC  user_interface.o
    0x08005110   0x08005110   0x00000018   Code   RO         1285    i.UI_HandleStartStopButton_cb  ui_task.o
    0x08005128   0x08005128   0x00000014   Code   RO         1374    i.UI_Init           user_interface.o
    0x0800513c   0x0800513c   0x0000002c   Code   RO         1287    i.UI_Scheduler      ui_task.o
    0x08005168   0x08005168   0x00000010   Code   RO         1375    i.UI_SelectMC       user_interface.o
    0x08005178   0x08005178   0x0000000c   Code   RO         1290    i.UI_SerialCommunicationTimeOutStart  ui_task.o
    0x08005184   0x08005184   0x0000000c   Code   RO         1291    i.UI_SerialCommunicationTimeOutStop  ui_task.o
    0x08005190   0x08005190   0x00000018   Code   RO         1376    i.UI_SetCurrentReferences  user_interface.o
    0x080051a8   0x080051a8   0x0000014c   Code   RO         1377    i.UI_SetReg         user_interface.o
    0x080052f4   0x080052f4   0x00000036   Code   RO         1378    i.UI_SetRevupData   user_interface.o
    0x0800532a   0x0800532a   0x00000002   PAD
    0x0800532c   0x0800532c   0x00000074   Code   RO         1293    i.UI_TaskInit       ui_task.o
    0x080053a0   0x080053a0   0x0000006c   Code   RO         1197    i.USART3_IRQHandler  stm32f10x_mc_it.o
    0x0800540c   0x0800540c   0x0000000a   Code   RO         4431    i.VBS_GetAvBusVoltage_V  bus_voltage_sensor.o
    0x08005416   0x08005416   0x0000002c   Code   RO         5544    i.VSS_Clear         virtual_speed_sensor.o
    0x08005442   0x08005442   0x00000008   Code   RO         5546    i.VSS_Init          virtual_speed_sensor.o
    0x0800544a   0x0800544a   0x00000008   Code   RO         5549    i.VSS_SetCopyObserver  virtual_speed_sensor.o
    0x08005452   0x08005452   0x0000007a   Code   RO         5551    i.VSS_SetMecAcceleration  virtual_speed_sensor.o
    0x080054cc   0x080054cc   0x0000000e   Code   RO         5552    i.VSS_SetMecAngle   virtual_speed_sensor.o
    0x080054da   0x080054da   0x00000002   PAD
    0x080054dc   0x080054dc   0x000004ac   Code   RO           15    i.main              main.o
    0x08005988   0x08005988   0x000000d4   Code   RO          707    i.mc_lock_pins      mc_tasks.o
    0x08005a5c   0x08005a5c   0x00000060   Code   RO         5134    i.startTimers       pwm_common.o
    0x08005abc   0x08005abc   0x0000006a   Code   RO         5135    i.waitForPolarizationEnd  pwm_common.o
    0x08005b26   0x08005b26   0x00000020   Data   RO          322    .constdata          motorcontrol.o
    0x08005b46   0x08005b46   0x00000002   PAD
    0x08005b48   0x08005b48   0x00000006   Data   RO          709    .constdata          mc_tasks.o
    0x08005b4e   0x08005b4e   0x00000200   Data   RO          905    .constdata          mc_math.o
    0x08005d4e   0x08005d4e   0x00000002   PAD
    0x08005d50   0x08005d50   0x00000090   Data   RO         1263    .constdata          mc_parameters.o
    0x08005de0   0x08005de0   0x00000010   Data   RO         4394    .constdata          system_stm32f1xx.o
    0x08005df0   0x08005df0   0x00000008   Data   RO         4395    .constdata          system_stm32f1xx.o
    0x08005df8   0x08005df8   0x0000000e   Data   RO         4589    .constdata          encoder_speed_pos_fdbk.o
    0x08005e06   0x08005e06   0x0000000e   Data   RO         5652    .constdata          r3_2_f1xx_pwm_curr_fdbk.o
    0x08005e14   0x08005e14   0x00000006   Data   RO         5839    .constdata          usart_frame_communication_protocol.o
    0x08005e1a   0x08005e1a   0x00000002   PAD
    0x08005e1c   0x08005e1c   0x00000020   Data   RO         6076    Region$$Table       anon$$obj.o


    Execution Region RW_IRAM1 (Exec base: 0x20000000, Load base: 0x08005e3c, Size: 0x00000fc8, Max: 0x0000c000, ABSOLUTE, COMPRESSED[0x00000180])

    Exec Addr    Load Addr    Size         Type   Attr      Idx    E Section Name        Object

    0x20000000   COMPRESSED   0x0000000c   Data   RW          323    .data               motorcontrol.o
    0x2000000c   COMPRESSED   0x00000008   Data   RW          578    .data               motor_control_protocol.o
    0x20000014   COMPRESSED   0x00000114   Data   RW          646    .data               mc_config.o
    0x20000128   COMPRESSED   0x0000002c   Data   RW          648    .data               mc_config.o
    0x20000154   COMPRESSED   0x0000002c   Data   RW          649    .data               mc_config.o
    0x20000180   COMPRESSED   0x0000002c   Data   RW          650    .data               mc_config.o
    0x200001ac   COMPRESSED   0x00000034   Data   RW          651    .data               mc_config.o
    0x200001e0   COMPRESSED   0x00000078   Data   RW          652    .data               mc_config.o
    0x20000258   COMPRESSED   0x00000038   Data   RW          653    .data               mc_config.o
    0x20000290   COMPRESSED   0x0000007c   Data   RW          654    .data               mc_config.o
    0x2000030c   COMPRESSED   0x0000001c   Data   RW          655    .data               mc_config.o
    0x20000328   COMPRESSED   0x00000028   Data   RW          656    .data               mc_config.o
    0x20000350   COMPRESSED   0x00000028   Data   RW          657    .data               mc_config.o
    0x20000378   COMPRESSED   0x00000018   Data   RW          658    .data               mc_config.o
    0x20000390   COMPRESSED   0x000000b4   Data   RW          659    .data               mc_config.o
    0x20000444   COMPRESSED   0x0000000c   Data   RW          660    .data               mc_config.o
    0x20000450   COMPRESSED   0x0000013c   Data   RW          661    .data               mc_config.o
    0x2000058c   COMPRESSED   0x00000042   Data   RW          710    .data               mc_tasks.o
    0x200005ce   COMPRESSED   0x00000004   Data   RW          841    .data               regular_conversion_manager.o
    0x200005d2   COMPRESSED   0x00000001   Data   RW         1198    .data               stm32f10x_mc_it.o
    0x200005d3   COMPRESSED   0x00000001   PAD
    0x200005d4   COMPRESSED   0x0000000c   Data   RW         1295    .data               ui_task.o
    0x200005e0   COMPRESSED   0x0000000c   Data   RW         1911    .data               stm32f1xx_hal.o
    0x200005ec   COMPRESSED   0x00000004   Data   RW         4396    .data               system_stm32f1xx.o
    0x200005f0        -       0x0000018c   Zero   RW           16    .bss                main.o
    0x2000077c        -       0x00000044   Zero   RW           17    .bss                main.o
    0x200007c0        -       0x00000018   Zero   RW          644    .bss                mc_config.o
    0x200007d8        -       0x00000014   Zero   RW          645    .bss                mc_config.o
    0x200007ec        -       0x00000098   Zero   RW          708    .bss                mc_tasks.o
    0x20000884        -       0x00000030   Zero   RW          840    .bss                regular_conversion_manager.o
    0x200008b4        -       0x000000b0   Zero   RW         1294    .bss                ui_task.o
    0x20000964        -       0x00000060   Zero   RW         5948    .bss                c_w.l(libspace.o)
    0x200009c4   COMPRESSED   0x00000004   PAD
    0x200009c8        -       0x00000200   Zero   RW            2    HEAP                startup_stm32f103xe.o
    0x20000bc8        -       0x00000400   Zero   RW            1    STACK               startup_stm32f103xe.o


==============================================================================

Image component sizes


      Code (inc. data)   RO Data    RW Data    ZI Data      Debug   Object Name

        10          0          0          0          0       1068   bus_voltage_sensor.o
        86          0          0          0          0       1368   circle_limitation.o
        38          0          0          0          0      10090   digital_output.o
       152          0          0          0          0       4279   enc_align_ctrl.o
       634          6         14          0          0      30477   encoder_speed_pos_fdbk.o
       102          0          0          0          0       2641   frame_communication_protocol.o
      1200         60          0          0        464     562571   main.o
        36         12          0          0          0       1368   mc_api.o
         0          0          0       1400         44       1708   mc_config.o
       364          0          0          0          0      13163   mc_interface.o
       364         18        512          0          0       5913   mc_math.o
         0          0        144          0          0        252   mc_parameters.o
      2046        282          6         66        152      21745   mc_tasks.o
      1746        642          0          8          0       6196   motor_control_protocol.o
       102          0          0          0          0       2490   motor_power_measurement.o
        56          8         32         12          0       1339   motorcontrol.o
       164          0          0          0          0       3790   ntc_temperature_sensor.o
       190          6          0          0          0       7453   pid_regulator.o
       100          4          0          0          0       1239   pqd_motor_power_measurement.o
       202          4          0          0          0      29995   pwm_common.o
       582          0          0          0          0       5800   pwm_curr_fdbk.o
      1772         46         14          0          0      73607   r3_2_f1xx_pwm_curr_fdbk.o
       190          0          0          0          0       3478   r_divider_bus_voltage_sensor.o
        16          0          0          0          0        997   ramp_ext_mngr.o
       476         30          0          4         48      35108   regular_conversion_manager.o
       134          0          0          0          0       3934   speed_pos_fdbk.o
       382          0          0          0          0      10493   speed_torq_ctrl.o
        64         26        304          0       1536        828   startup_stm32f103xe.o
       354         22          0          0          0       4724   state_machine.o
       400         40          0          1          0      18972   stm32f10x_mc_it.o
       128         24          0         12          0       6017   stm32f1xx_hal.o
       766         22          0          0          0       3760   stm32f1xx_hal_adc.o
       676         10          0          0          0       2106   stm32f1xx_hal_adc_ex.o
       220         16          0          0          0      29707   stm32f1xx_hal_cortex.o
       160         24          0          0          0       1219   stm32f1xx_hal_dma.o
       526         20          0          0          0       2876   stm32f1xx_hal_gpio.o
       844         82          0          0          0       5520   stm32f1xx_hal_msp.o
      1628        126          0          0          0       6834   stm32f1xx_hal_rcc.o
       300         14          0          0          0       1428   stm32f1xx_hal_rcc_ex.o
       184          0          0          0          0       2048   stm32f1xx_hal_spi.o
      1390         38          0          0          0       9128   stm32f1xx_hal_tim.o
       212          0          0          0          0       2116   stm32f1xx_hal_tim_ex.o
       302          6          0          0          0       2471   stm32f1xx_hal_uart.o
         2          0         24          4          0       1147   system_stm32f1xx.o
       208         40          0         12        176       3465   ui_task.o
       450         14          6          0          0      21170   usart_frame_communication_protocol.o
      1516         98          0          0          0      10936   user_interface.o
       196          0          0          0          0       3864   virtual_speed_sensor.o

    ----------------------------------------------------------------------
     21710       1740       1094       1520       2420     982898   Object Totals
         0          0         32          0          0          0   (incl. Generated)
        40          0          6          1          0          0   (incl. Padding)

    ----------------------------------------------------------------------

      Code (inc. data)   RO Data    RW Data    ZI Data      Debug   Library Member Name

        90          0          0          0          0          0   __dczerorl2.o
         8          0          0          0          0         68   __main.o
         0          0          0          0          0          0   __rtentry.o
        12          0          0          0          0          0   __rtentry2.o
         6          0          0          0          0          0   __rtentry4.o
        52          8          0          0          0          0   __scatter.o
        28          0          0          0          0          0   __scatter_zi.o
        18          0          0          0          0         80   exit.o
         6          0          0          0          0        152   heapauxi.o
         0          0          0          0          0          0   indicate_semi.o
         2          0          0          0          0          0   libinit.o
         2          0          0          0          0          0   libinit2.o
         2          0          0          0          0          0   libshutdown.o
         2          0          0          0          0          0   libshutdown2.o
         8          4          0          0         96         68   libspace.o
         2          0          0          0          0          0   rtexit.o
        10          0          0          0          0          0   rtexit2.o
        12          4          0          0          0         68   sys_exit.o
        74          0          0          0          0         80   sys_stackheap_outer.o
         2          0          0          0          0         68   use_no_semi.o
       976          0          0          0          0        372   revup_ctrl.o

    ----------------------------------------------------------------------
      1320         16          0          0        100        956   Library Totals
         8          0          0          0          4          0   (incl. Padding)

    ----------------------------------------------------------------------

      Code (inc. data)   RO Data    RW Data    ZI Data      Debug   Library Name

       336         16          0          0         96        584   c_w.l
       976          0          0          0          0        372   libmc-keil_M3.lib

    ----------------------------------------------------------------------
      1320         16          0          0        100        956   Library Totals

    ----------------------------------------------------------------------

==============================================================================


      Code (inc. data)   RO Data    RW Data    ZI Data      Debug   

     23030       1756       1094       1520       2520     971838   Grand Totals
     23030       1756       1094        384       2520     971838   ELF Image Totals (compressed)
     23030       1756       1094        384          0          0   ROM Totals

==============================================================================

    Total RO  Size (Code + RO Data)                24124 (  23.56kB)
    Total RW  Size (RW Data + ZI Data)              4040 (   3.95kB)
    Total ROM Size (Code + RO Data + RW Data)      24508 (  23.93kB)

==============================================================================

